 ComPic

 Timestamp is 4f70e534 (Mon Mar 26 16:52:52 2012)

 Preferred load address is 00400000

 Start         Length     Name                   Class
 0001:00000000 0001da82H .text                   CODE
 0001:0001da82 00000030H .text$x                 CODE
 0002:00000000 000001b0H .idata$5                DATA
 0002:000001b0 00000004H .CRT$XCA                DATA
 0002:000001b4 00000004H .CRT$XCZ                DATA
 0002:000001b8 00000004H .CRT$XIA                DATA
 0002:000001bc 00000010H .CRT$XIC                DATA
 0002:000001cc 00000004H .CRT$XIY                DATA
 0002:000001d0 00000004H .CRT$XIZ                DATA
 0002:000001d4 00000004H .CRT$XPA                DATA
 0002:000001d8 00000004H .CRT$XPX                DATA
 0002:000001dc 00000004H .CRT$XPXA               DATA
 0002:000001e0 00000004H .CRT$XPZ                DATA
 0002:000001e4 00000004H .CRT$XTA                DATA
 0002:000001e8 00000004H .CRT$XTZ                DATA
 0002:000001f0 00002990H .rdata                  DATA
 0002:00002b80 00000060H .rdata$debug            DATA
 0002:00002be0 0000020cH .rdata$r                DATA
 0002:00002df0 0000001cH .rdata$sxdata           DATA
 0002:00002e0c 00000004H .rtc$IAA                DATA
 0002:00002e10 00000004H .rtc$IZZ                DATA
 0002:00002e14 00000004H .rtc$TAA                DATA
 0002:00002e18 00000004H .rtc$TZZ                DATA
 0002:00002e20 00000928H .xdata$x                DATA
 0002:00003748 00000028H .idata$2                DATA
 0002:00003770 00000014H .idata$3                DATA
 0002:00003784 000001b0H .idata$4                DATA
 0002:00003934 00000794H .idata$6                DATA
 0002:000040c8 00000000H .edata                  DATA
 0003:00000000 00000fd4H .data                   DATA
 0003:00000fe0 00001c48H .bss                    DATA

  Address         Publics by Value              Rva+Base       Lib:Object

 0000:00000000       __except_list              00000000     <absolute>
 0000:00000007       ___safe_se_handler_count   00000007     <absolute>
 0000:00000000       ___ImageBase               00400000     <linker-defined>
 0001:00000000       ?strchr@@YAPADPADH@Z       00401000 f i ComPic.obj
 0001:0000000e       ?GetLastError@CSerial@@QBEJXZ 0040100e f i ComPic.obj
 0001:00000012       ?ShowError@@YGHJPBD@Z      00401012 f   ComPic.obj
 0001:00000053       _main                      00401053 f   ComPic.obj
 0001:0000033e       ??0CDCB@CSerial@@QAE@XZ    0040133e f i serial:Serial.obj
 0001:00000345       ?CheckRequirements@CSerial@@IBEXPAU_OVERLAPPED@@K@Z 00401345 f i serial:Serial.obj
 0001:00000346       ?CancelCommIo@CSerial@@IAEHXZ 00401346 f i serial:Serial.obj
 0001:00000350       ??0CSerial@@QAE@XZ         00401350 f   serial:Serial.obj
 0001:00000368       ??_ECSerial@@UAEPAXI@Z     00401368 f i  CIL library: CIL module
 0001:00000368       ??_GCSerial@@UAEPAXI@Z     00401368 f i serial:Serial.obj
 0001:00000384       ??1CSerial@@UAE@XZ         00401384 f   serial:Serial.obj
 0001:00000396       ?CheckPort@CSerial@@SG?AW4EPort@1@PBD@Z 00401396 f   serial:Serial.obj
 0001:000003dc       ?Open@CSerial@@UAEJPBDKK_N@Z 004013dc f   serial:Serial.obj
 0001:000004f1       ?Close@CSerial@@UAEJXZ     004014f1 f   serial:Serial.obj
 0001:00000526       ?Setup@CSerial@@UAEJW4EBaudrate@1@W4EDataBits@1@W4EParity@1@W4EStopBits@1@@Z 00401526 f   serial:Serial.obj
 0001:000005a3       ?SetEventChar@CSerial@@UAEJE_N@Z 004015a3 f   serial:Serial.obj
 0001:00000614       ?SetMask@CSerial@@UAEJK@Z  00401614 f   serial:Serial.obj
 0001:00000651       ?WaitEvent@CSerial@@UAEJPAU_OVERLAPPED@@K@Z 00401651 f   serial:Serial.obj
 0001:00000717       ?SetupHandshaking@CSerial@@UAEJW4EHandshake@1@@Z 00401717 f   serial:Serial.obj
 0001:000007a7       ?SetupReadTimeouts@CSerial@@UAEJW4EReadTimeout@1@@Z 004017a7 f   serial:Serial.obj
 0001:00000816       ?GetBaudrate@CSerial@@UAE?AW4EBaudrate@1@XZ 00401816 f   serial:Serial.obj
 0001:0000085d       ?GetDataBits@CSerial@@UAE?AW4EDataBits@1@XZ 0040185d f   serial:Serial.obj
 0001:000008a5       ?GetParity@CSerial@@UAE?AW4EParity@1@XZ 004018a5 f   serial:Serial.obj
 0001:000008f7       ?GetStopBits@CSerial@@UAE?AW4EStopBits@1@XZ 004018f7 f   serial:Serial.obj
 0001:0000093f       ?GetEventMask@CSerial@@UAEKXZ 0040193f f   serial:Serial.obj
 0001:00000957       ?GetEventChar@CSerial@@UAEEXZ 00401957 f   serial:Serial.obj
 0001:0000099d       ?GetHandshaking@CSerial@@UAE?AW4EHandshake@1@XZ 0040199d f   serial:Serial.obj
 0001:00000a18       ?Write@CSerial@@UAEJPBXIPAKPAU_OVERLAPPED@@K@Z 00401a18 f   serial:Serial.obj
 0001:00000b09       ?Write@CSerial@@UAEJPBDPAKPAU_OVERLAPPED@@K@Z 00401b09 f   serial:Serial.obj
 0001:00000b33       ?Read@CSerial@@UAEJPAXIPAKPAU_OVERLAPPED@@K@Z 00401b33 f   serial:Serial.obj
 0001:00000c1f       ?Purge@CSerial@@QAEJXZ     00401c1f f   serial:Serial.obj
 0001:00000c4b       ?Break@CSerial@@QAEJXZ     00401c4b f   serial:Serial.obj
 0001:00000c79       ?GetEventType@CSerial@@QAE?AW4EEvent@1@XZ 00401c79 f   serial:Serial.obj
 0001:00000c84       ?GetError@CSerial@@QAE?AW4EError@1@XZ 00401c84 f   serial:Serial.obj
 0001:00000cc2       ?GetCTS@CSerial@@QAE_NXZ   00401cc2 f   serial:Serial.obj
 0001:00000cf7       ?GetDSR@CSerial@@QAE_NXZ   00401cf7 f   serial:Serial.obj
 0001:00000d2c       ?GetRing@CSerial@@QAE_NXZ  00401d2c f   serial:Serial.obj
 0001:00000d61       ?GetRLSD@CSerial@@QAE_NXZ  00401d61 f   serial:Serial.obj
 0001:00000d96       _MessageBoxA@16            00401d96 f   user32:USER32.dll
 0001:00000d9c       _wsprintfA                 00401d9c f   user32:USER32.dll
 0001:00000dc0       _strchr                    00401dc0 f   LIBCMT:strchr.obj
 0001:00000dc6       ___from_strstr_to_strchr   00401dc6     LIBCMT:strchr.obj
 0001:00000e7e       _printf                    00401e7e f   LIBCMT:printf.obj
 0001:00000f2d       __printf_l                 00401f2d f   LIBCMT:printf.obj
 0001:00000f46       __printf_s_l               00401f46 f   LIBCMT:printf.obj
 0001:00000f5f       _printf_s                  00401f5f f   LIBCMT:printf.obj
 0001:00000f77       __printf_p_l               00401f77 f   LIBCMT:printf.obj
 0001:00000f90       __printf_p                 00401f90 f   LIBCMT:printf.obj
 0001:00000fa8       __set_printf_count_output  00401fa8 f   LIBCMT:printf.obj
 0001:00000fd2       __get_printf_count_output  00401fd2 f   LIBCMT:printf.obj
 0001:000011aa       _mainCRTStartup            004021aa f   LIBCMT:crt0.obj
 0001:000011c0       _strlen                    004021c0 f   LIBCMT:strlen.obj
 0001:00001250       _memset                    00402250 f   LIBCMT:memset.obj
 0001:000012ca       ??3@YAXPAX@Z               004022ca f   LIBCMT:delete.obj
 0001:000012d5       ?name@type_info@@QBEPBDPAU__type_info_node@@@Z 004022d5 f   LIBCMT:typinfo.obj
 0001:000012e9       ??1type_info@@UAE@XZ       004022e9 f   LIBCMT:typinfo.obj
 0001:000012f9       ??_Etype_info@@UAEPAXI@Z   004022f9 f i LIBCMT:typinfo.obj
 0001:000012f9       ??_Gtype_info@@UAEPAXI@Z   004022f9 f i LIBCMT:typinfo.obj
 0001:0000131a       ?_name_internal_method@type_info@@QBEPBDPAU__type_info_node@@@Z 0040231a f   LIBCMT:typinfo.obj
 0001:0000132e       ?_type_info_dtor_internal_method@type_info@@QAEXXZ 0040232e f   LIBCMT:typinfo.obj
 0001:00001338       ??8type_info@@QBE_NABV0@@Z 00402338 f   LIBCMT:typinfo.obj
 0001:00001358       ??9type_info@@QBE_NABV0@@Z 00402358 f   LIBCMT:typinfo.obj
 0001:00001379       ?before@type_info@@QBEHABV1@@Z 00402379 f   LIBCMT:typinfo.obj
 0001:0000139d       ?raw_name@type_info@@QBEPBDXZ 0040239d f   LIBCMT:typinfo.obj
 0001:000013a1       ??0type_info@@AAE@ABV0@@Z  004023a1 f   LIBCMT:typinfo.obj
 0001:000013ac       ??4type_info@@AAEAAV0@ABV0@@Z 004023ac f   LIBCMT:typinfo.obj
 0001:000013b1       ___iob_func                004023b1 f   LIBCMT:_file.obj
 0001:000013b7       ___initstdio               004023b7 f   LIBCMT:_file.obj
 0001:00001468       ___endstdio                00402468 f   LIBCMT:_file.obj
 0001:00001488       __lock_file                00402488 f   LIBCMT:_file.obj
 0001:000014c9       __lock_file2               004024c9 f   LIBCMT:_file.obj
 0001:000014fb       __unlock_file              004024fb f   LIBCMT:_file.obj
 0001:00001537       __unlock_file2             00402537 f   LIBCMT:_file.obj
 0001:00001566       __stbuf                    00402566 f   LIBCMT:_sftbuf.obj
 0001:00001602       __ftbuf                    00402602 f   LIBCMT:_sftbuf.obj
 0001:00001636       ??0_LocaleUpdate@@QAE@PAUlocaleinfo_struct@@@Z 00402636 f i LIBCMT:output.obj
 0001:000016bd       ??1_LocaleUpdate@@QAE@XZ   004026bd f i LIBCMT:output.obj
 0001:000016cb       ?GetLocaleT@_LocaleUpdate@@QAEPAUlocaleinfo_struct@@XZ 004026cb f i LIBCMT:output.obj
 0001:00001774       _get_int_arg               00402774 f i LIBCMT:output.obj
 0001:00001786       _get_int64_arg             00402786 f i LIBCMT:output.obj
 0001:0000179b       _get_short_arg             0040279b f i LIBCMT:output.obj
 0001:000017ae       __output_l                 004027ae f   LIBCMT:output.obj
 0001:00002346       __initp_misc_invarg        00403346 f   LIBCMT:invarg.obj
 0001:00002355       __invoke_watson            00403355 f   LIBCMT:invarg.obj
 0001:0000247d       __set_invalid_parameter_handler 0040347d f   LIBCMT:invarg.obj
 0001:000024a4       __get_invalid_parameter_handler 004034a4 f   LIBCMT:invarg.obj
 0001:000024b1       ?_invoke_watson@@YAXPBG00II@Z 004034b1 f   LIBCMT:invarg.obj
 0001:000024bc       __invalid_parameter        004034bc f   LIBCMT:invarg.obj
 0001:000024e2       __invalid_parameter_noinfo 004034e2 f   LIBCMT:invarg.obj
 0001:000024f2       ?_invalid_parameter@@YAXPBG00II@Z 004034f2 f   LIBCMT:invarg.obj
 0001:000024fd       __get_errno_from_oserr     004034fd f   LIBCMT:dosmap.obj
 0001:0000253f       __errno                    0040353f f   LIBCMT:dosmap.obj
 0001:00002552       ___doserrno                00403552 f   LIBCMT:dosmap.obj
 0001:00002565       __dosmaperr                00403565 f   LIBCMT:dosmap.obj
 0001:00002588       __set_errno                00403588 f   LIBCMT:dosmap.obj
 0001:000025a9       __get_errno                004035a9 f   LIBCMT:dosmap.obj
 0001:000025d8       __set_doserrno             004035d8 f   LIBCMT:dosmap.obj
 0001:000025f9       __get_doserrno             004035f9 f   LIBCMT:dosmap.obj
 0001:00002628       __SEH_prolog4              00403628 f   LIBCMT:sehprolg4.obj
 0001:0000266d       __SEH_epilog4              0040366d f   LIBCMT:sehprolg4.obj
 0001:000026c0       __except_handler4          004036c0 f   LIBCMT:chandler4.obj
 0001:0000284c       _vprintf_helper            0040384c f   LIBCMT:vprintf.obj
 0001:000028dc       __vprintf_l                004038dc f   LIBCMT:vprintf.obj
 0001:000028f9       __vprintf_s_l              004038f9 f   LIBCMT:vprintf.obj
 0001:00002916       __vprintf_p_l              00403916 f   LIBCMT:vprintf.obj
 0001:00002933       _vprintf                   00403933 f   LIBCMT:vprintf.obj
 0001:0000294f       _vprintf_s                 0040394f f   LIBCMT:vprintf.obj
 0001:0000296b       __vprintf_p                0040396b f   LIBCMT:vprintf.obj
 0001:00002987       ?__CxxUnhandledExceptionFilter@@YGJPAU_EXCEPTION_POINTERS@@@Z 00403987 f   LIBCMT:unhandld.obj
 0001:000029c9       ___CxxSetUnhandledExceptionFilter 004039c9 f   LIBCMT:unhandld.obj
 0001:000029d7       __crt_waiting_on_module_handle 004039d7 f   LIBCMT:crt0dat.obj
 0001:00002a07       __amsg_exit                00403a07 f   LIBCMT:crt0dat.obj
 0001:00002a30       ___crtCorExitProcess       00403a30 f   LIBCMT:crt0dat.obj
 0001:00002a5b       ___crtExitProcess          00403a5b f   LIBCMT:crt0dat.obj
 0001:00002a73       __lockexit                 00403a73 f   LIBCMT:crt0dat.obj
 0001:00002a7c       __unlockexit               00403a7c f   LIBCMT:crt0dat.obj
 0001:00002aa2       __initterm_e               00403aa2 f   LIBCMT:crt0dat.obj
 0001:00002ac6       __get_wpgmptr              00403ac6 f   LIBCMT:crt0dat.obj
 0001:00002b02       __get_pgmptr               00403b02 f   LIBCMT:crt0dat.obj
 0001:00002b3e       __cinit                    00403b3e f   LIBCMT:crt0dat.obj
 0001:00002cef       _exit                      00403cef f   LIBCMT:crt0dat.obj
 0001:00002d05       __exit                     00403d05 f   LIBCMT:crt0dat.obj
 0001:00002d1b       __cexit                    00403d1b f   LIBCMT:crt0dat.obj
 0001:00002d2a       __c_exit                   00403d2a f   LIBCMT:crt0dat.obj
 0001:00002d39       __init_pointers            00403d39 f   LIBCMT:crt0dat.obj
 0001:00002d87       __invoke_watson_if_error   00403d87 f i LIBCMT:crt0msg.obj
 0001:00002dab       __NMSG_WRITE               00403dab f   LIBCMT:crt0msg.obj
 0001:00002f56       __GET_RTERRMSG             00403f56 f   LIBCMT:crt0msg.obj
 0001:00002f7c       __FF_MSGBANNER             00403f7c f   LIBCMT:crt0msg.obj
 0001:00002fb5       __initp_misc_winxfltr      00403fb5 f   LIBCMT:winxfltr.obj
 0001:00002feb       __XcptFilter               00403feb f   LIBCMT:winxfltr.obj
 0001:0000314b       ___CppXcptFilter           0040414b f   LIBCMT:winxfltr.obj
 0001:0000316b       __setenvp                  0040416b f   LIBCMT:stdenvp.obj
 0001:00003249       __set_pgmptr               00404249 f i LIBCMT:stdargv.obj
 0001:000033f2       __setargv                  004043f2 f   LIBCMT:stdargv.obj
 0001:000034ad       ___crtGetEnvironmentStringsA 004044ad f   LIBCMT:a_env.obj
 0001:000035e4       __ioinit                   004045e4 f   LIBCMT:ioinit.obj
 0001:00003838       __ioterm                   00404838 f   LIBCMT:ioinit.obj
 0001:00003886       __RTC_Initialize           00404886 f   LIBCMT:_initsect_.obj
 0001:000038ac       __RTC_Terminate            004048ac f   LIBCMT:_initsect_.obj
 0001:000038d2       __crt_wait_module_handle   004048d2 f i LIBCMT:tidtable.obj
 0001:000038ec       __encode_pointer           004048ec f   LIBCMT:tidtable.obj
 0001:0000395e       __encoded_null             0040495e f   LIBCMT:tidtable.obj
 0001:00003967       __decode_pointer           00404967 f   LIBCMT:tidtable.obj
 0001:000039d9       ___crtTlsAlloc@4           004049d9 f   LIBCMT:tidtable.obj
 0001:000039e2       ___fls_getvalue@4          004049e2 f   LIBCMT:tidtable.obj
 0001:000039fc       ___get_flsindex            004049fc f   LIBCMT:tidtable.obj
 0001:00003a02       ___set_flsgetvalue         00404a02 f   LIBCMT:tidtable.obj
 0001:00003a36       ___fls_setvalue@8          00404a36 f   LIBCMT:tidtable.obj
 0001:00003a53       __mtterm                   00404a53 f   LIBCMT:tidtable.obj
 0001:00003a90       __initptd                  00404a90 f   LIBCMT:tidtable.obj
 0001:00003b77       __getptd_noexit            00404b77 f   LIBCMT:tidtable.obj
 0001:00003bf0       __getptd                   00404bf0 f   LIBCMT:tidtable.obj
 0001:00003c0a       __freefls@4                00404c0a f   LIBCMT:tidtable.obj
 0001:00003d39       __freeptd                  00404d39 f   LIBCMT:tidtable.obj
 0001:00003da7       ___threadid                00404da7 f   LIBCMT:tidtable.obj
 0001:00003dad       ___threadhandle            00404dad f   LIBCMT:tidtable.obj
 0001:00003db3       __mtinit                   00404db3 f   LIBCMT:tidtable.obj
 0001:00003f40       ___heap_select             00404f40 f   LIBCMT:heapinit.obj
 0001:00003f44       __heap_init                00404f44 f   LIBCMT:heapinit.obj
 0001:00003f74       __heap_term                00404f74 f   LIBCMT:heapinit.obj
 0001:00003fe8       __get_heap_handle          00404fe8 f   LIBCMT:heapinit.obj
 0001:00003fee       ___security_init_cookie    00404fee f   LIBCMT:gs_support.obj
 0001:000040db       __VEC_memzero              004050db f   LIBCMT:p4_memset.obj
 0001:000041ba       __get_sse2_info            004051ba f   LIBCMT:cpu_disp.obj
 0001:0000421c       ___sse2_available_init     0040521c f   LIBCMT:cpu_disp.obj
 0001:00004229       _free                      00405229 f   LIBCMT:free.obj
 0001:000042b7       ?_Type_info_dtor@type_info@@CAXPAV1@@Z 004052b7 f   LIBCMT:typname.obj
 0001:00004327       ?_Name_base@type_info@@CAPBDPBV1@PAU__type_info_node@@@Z 00405327 f   LIBCMT:typname.obj
 0001:0000441c       ?_Type_info_dtor_internal@type_info@@CAXPAV1@@Z 0040541c f   LIBCMT:typname.obj
 0001:0000448c       ___unDNameHelper           0040548c f   LIBCMT:typname.obj
 0001:000044bf       ?_Name_base_internal@type_info@@CAPBDPBV1@PAU__type_info_node@@@Z 004054bf f   LIBCMT:typname.obj
 0001:000045ce       ___clean_type_info_names_internal 004055ce f   LIBCMT:typname.obj
 0001:00004630       _strcmp                    00405630 f   LIBCMT:strcmp.obj
 0001:000046b8       _wait_a_bit                004056b8 f i LIBCMT:crtheap.obj
 0001:000046de       __set_malloc_crt_max_wait  004056de f   LIBCMT:crtheap.obj
 0001:000046f3       __malloc_crt               004056f3 f   LIBCMT:crtheap.obj
 0001:00004738       __calloc_crt               00405738 f   LIBCMT:crtheap.obj
 0001:00004784       __realloc_crt              00405784 f   LIBCMT:crtheap.obj
 0001:000047d2       __recalloc_crt             004057d2 f   LIBCMT:crtheap.obj
 0001:00004824       __fcloseall                00405824 f   LIBCMT:closeall.obj
 0001:000048c3       __flush                    004058c3 f   LIBCMT:fflush.obj
 0001:0000492b       __fflush_nolock            0040592b f   LIBCMT:fflush.obj
 0001:00004a4d       _fflush                    00405a4d f   LIBCMT:fflush.obj
 0001:00004aa0       __flushall                 00405aa0 f   LIBCMT:fflush.obj
 0001:00004aa9       __mtinitlocks              00405aa9 f   LIBCMT:mlock.obj
 0001:00004af4       __mtdeletelocks            00405af4 f   LIBCMT:mlock.obj
 0001:00004b4b       __unlock                   00405b4b f   LIBCMT:mlock.obj
 0001:00004b62       __lockerr_exit             00405b62 f   LIBCMT:mlock.obj
 0001:00004b7a       __mtinitlocknum            00405b7a f   LIBCMT:mlock.obj
 0001:00004c3d       __lock                     00405c3d f   LIBCMT:mlock.obj
 0001:00004c70       __isatty                   00405c70 f   LIBCMT:isatty.obj
 0001:00004cd4       __fileno                   00405cd4 f   LIBCMT:fileno.obj
 0001:00004f2c       ___updatetmbcinfo          00405f2c f   LIBCMT:mbctype.obj
 0001:0000504c       __setmbcp_nolock           0040604c f   LIBCMT:mbctype.obj
 0001:00005231       __getmbcp                  00406231 f   LIBCMT:mbctype.obj
 0001:0000526f       __setmbcp                  0040626f f   LIBCMT:mbctype.obj
 0001:00005409       ___initmbctable            00406409 f   LIBCMT:mbctype.obj
 0001:00005427       ____setlc_active_func      00406427 f   LIBCMT:setlocal.obj
 0001:0000542d       ____unguarded_readlc_active_add_func 0040642d f   LIBCMT:setlocal.obj
 0001:00005433       ___freetlocinfo            00406433 f   LIBCMT:setlocal.obj
 0001:0000557c       ___addlocaleref            0040657c f   LIBCMT:setlocal.obj
 0001:0000560b       ___removelocaleref         0040660b f   LIBCMT:setlocal.obj
 0001:00005708       ___updatetlocinfo          00406708 f   LIBCMT:setlocal.obj
 0001:0000577e       __configthreadlocale       0040677e f   LIBCMT:setlocal.obj
 0001:0000583b       __free_locale              0040683b f   LIBCMT:setlocal.obj
 0001:000058fd       ___free_locale             004068fd f   LIBCMT:setlocal.obj
 0001:00005908       __get_current_locale       00406908 f   LIBCMT:setlocal.obj
 0001:000059b7       ___get_current_locale      004069b7 f   LIBCMT:setlocal.obj
 0001:000059bc       ___init_dummy              004069bc f   LIBCMT:setlocal.obj
 0001:000059bf       __strcats                  004069bf f   LIBCMT:setlocal.obj
 0001:000059ff       ___lc_strtolc              004069ff f   LIBCMT:setlocal.obj
 0001:00005b28       ___lc_lctostr              00406b28 f   LIBCMT:setlocal.obj
 0001:00005d12       __expandlocale             00406d12 f   LIBCMT:setlocal.obj
 0001:00006460       __create_locale            00407460 f   LIBCMT:setlocal.obj
 0001:00006555       ___create_locale           00407555 f   LIBCMT:setlocal.obj
 0001:00006560       _setlocale                 00407560 f   LIBCMT:setlocal.obj
 0001:000066d0       __flsbuf                   004076d0 f   LIBCMT:_flsbuf.obj
 0001:00006834       __initp_misc_cfltcvt_tab   00407834 f   LIBCMT:cmiscdat.obj
 0001:00006855       __wctomb_s_l               00407855 f   LIBCMT:wctomb.obj
 0001:000069c1       _wctomb_s                  004079c1 f   LIBCMT:wctomb.obj
 0001:000069de       __wctomb_l                 004079de f   LIBCMT:wctomb.obj
 0001:00006a2f       _wctomb                    00407a2f f   LIBCMT:wctomb.obj
 0001:00006a61       __isleadbyte_l             00407a61 f i LIBCMT:_wctype.obj
 0001:00006a99       _isleadbyte                00407a99 f i LIBCMT:_wctype.obj
 0001:00006aac       __iswalpha_l               00407aac f i LIBCMT:_wctype.obj
 0001:00006ac6       _iswalpha                  00407ac6 f i LIBCMT:_wctype.obj
 0001:00006adc       __iswupper_l               00407adc f i LIBCMT:_wctype.obj
 0001:00006af3       _iswupper                  00407af3 f i LIBCMT:_wctype.obj
 0001:00006b06       __iswlower_l               00407b06 f i LIBCMT:_wctype.obj
 0001:00006b1d       _iswlower                  00407b1d f i LIBCMT:_wctype.obj
 0001:00006b30       __iswdigit_l               00407b30 f i LIBCMT:_wctype.obj
 0001:00006b47       _iswdigit                  00407b47 f i LIBCMT:_wctype.obj
 0001:00006b5a       __iswxdigit_l              00407b5a f i LIBCMT:_wctype.obj
 0001:00006b74       _iswxdigit                 00407b74 f i LIBCMT:_wctype.obj
 0001:00006b8a       __iswspace_l               00407b8a f i LIBCMT:_wctype.obj
 0001:00006ba1       _iswspace                  00407ba1 f i LIBCMT:_wctype.obj
 0001:00006bb4       __iswpunct_l               00407bb4 f i LIBCMT:_wctype.obj
 0001:00006bcb       _iswpunct                  00407bcb f i LIBCMT:_wctype.obj
 0001:00006bde       __iswalnum_l               00407bde f i LIBCMT:_wctype.obj
 0001:00006bf8       _iswalnum                  00407bf8 f i LIBCMT:_wctype.obj
 0001:00006c0e       __iswprint_l               00407c0e f i LIBCMT:_wctype.obj
 0001:00006c28       _iswprint                  00407c28 f i LIBCMT:_wctype.obj
 0001:00006c3e       __iswgraph_l               00407c3e f i LIBCMT:_wctype.obj
 0001:00006c58       _iswgraph                  00407c58 f i LIBCMT:_wctype.obj
 0001:00006c6e       __iswcntrl_l               00407c6e f i LIBCMT:_wctype.obj
 0001:00006c85       _iswcntrl                  00407c85 f i LIBCMT:_wctype.obj
 0001:00006c98       _iswascii                  00407c98 f i LIBCMT:_wctype.obj
 0001:00006cac       __iswcsym_l                00407cac f i LIBCMT:_wctype.obj
 0001:00006cd6       ___iswcsym                 00407cd6 f i LIBCMT:_wctype.obj
 0001:00006cfc       __iswcsymf_l               00407cfc f i LIBCMT:_wctype.obj
 0001:00006d26       ___iswcsymf                00407d26 f i LIBCMT:_wctype.obj
 0001:00006d4c       @__security_check_cookie@4 00407d4c f   LIBCMT:secchk.obj
 0001:00006d60       __aulldvrm                 00407d60 f   LIBCMT:ulldvrm.obj
 0001:00006df5       __crt_debugger_hook        00407df5 f   LIBCMT:dbghook.obj
 0001:00006e00       __local_unwind4            00407e00 f   LIBCMT:exsup4.obj
 0001:00006ed6       __seh_longjmp_unwind4@4    00407ed6 f   LIBCMT:exsup4.obj
 0001:00006ef2       @_EH4_CallFilterFunc@8     00407ef2 f   LIBCMT:exsup4.obj
 0001:00006f09       @_EH4_TransferToHandler@8  00407f09 f   LIBCMT:exsup4.obj
 0001:00006f22       @_EH4_GlobalUnwind@4       00407f22 f   LIBCMT:exsup4.obj
 0001:00006f3c       @_EH4_LocalUnwind@16       00407f3c f   LIBCMT:exsup4.obj
 0001:00006f60       __ValidateImageBase        00407f60 f   LIBCMT:pesect.obj
 0001:00006fa0       __FindPESection            00407fa0 f   LIBCMT:pesect.obj
 0001:00006ff0       __IsNonwritableInCurrentImage 00407ff0 f   LIBCMT:pesect.obj
 0001:00007153       __output_s_l               00408153 f   LIBCMT:outputs.obj
 0001:00007d23       __validate_param_reuseA    00408d23 f   LIBCMT:outputp.obj
 0001:00007ef4       _get_crtdouble_arg         00408ef4 f i LIBCMT:outputp.obj
 0001:00007f09       __output_p_l               00408f09 f   LIBCMT:outputp.obj
 0001:000091c9       ?terminate@@YAXXZ          0040a1c9 f   LIBCMT:hooks.obj
 0001:00009202       ?unexpected@@YAXXZ         0040a202 f   LIBCMT:hooks.obj
 0001:00009215       ?_inconsistency@@YAXXZ     0040a215 f   LIBCMT:hooks.obj
 0001:0000924d       __initp_eh_hooks           0040a24d f   LIBCMT:hooks.obj
 0001:00009318       ___onexitinit              0040a318 f   LIBCMT:onexit.obj
 0001:00009349       __onexit                   0040a349 f   LIBCMT:onexit.obj
 0001:00009385       _atexit                    0040a385 f   LIBCMT:onexit.obj
 0001:0000939c       __initp_misc_winsig        0040a39c f   LIBCMT:winsig.obj
 0001:0000948c       ___get_sigabrt             0040a48c f   LIBCMT:winsig.obj
 0001:00009499       ___fpecode                 0040a499 f   LIBCMT:winsig.obj
 0001:000094a2       ___pxcptinfoptrs           0040a4a2 f   LIBCMT:winsig.obj
 0001:000094ab       _signal                    0040a4ab f   LIBCMT:winsig.obj
 0001:000096e8       _raise                     0040a6e8 f   LIBCMT:winsig.obj
 0001:00009898       __initp_misc_rand_s        0040a898 f   LIBCMT:rand_s.obj
 0001:000098a7       _rand_s                    0040a8a7 f   LIBCMT:rand_s.obj
 0001:000099af       ___getlocaleinfo           0040a9af f   LIBCMT:inithelp.obj
 0001:00009b2e       __initp_misc_purevirt      0040ab2e f   LIBCMT:inithelp.obj
 0001:00009b3d       __initp_misc_initcrit      0040ab3d f   LIBCMT:initcrit.obj
 0001:00009b4c       ___crtInitCritSecAndSpinCount 0040ab4c f   LIBCMT:initcrit.obj
 0001:00009bac       __initp_heap_handler       0040abac f   LIBCMT:handler.obj
 0001:00009bbb       ?_set_new_handler@@YAP6AHI@ZP6AHI@Z@Z 0040abbb f   LIBCMT:handler.obj
 0001:00009bf1       ?_set_new_handler@@YAP6AHI@ZH@Z 0040abf1 f   LIBCMT:handler.obj
 0001:00009bfa       ?_query_new_handler@@YAP6AHI@ZXZ 0040abfa f   LIBCMT:handler.obj
 0001:00009c07       __callnewh                 0040ac07 f   LIBCMT:handler.obj
 0001:00009c2f       ___crtMessageBoxA          0040ac2f f   LIBCMT:crtmbox.obj
 0001:00009d98       _strcat_s                  0040ad98 f   LIBCMT:strcat_s.obj
 0001:00009e0c       _strncpy_s                 0040ae0c f   LIBCMT:strncpy_s.obj
 0001:00009ec1       _strcpy_s                  0040aec1 f   LIBCMT:strcpy_s.obj
 0001:00009f29       __set_error_mode           0040af29 f   LIBCMT:errmode.obj
 0001:00009f74       ___set_app_type            0040af74 f   LIBCMT:errmode.obj
 0001:00009f83       ___get_app_type            0040af83 f   LIBCMT:errmode.obj
 0001:00009fdc       __ismbbkalnum_l            0040afdc f   LIBCMT:ismbbyte.obj
 0001:00009ff5       __ismbbkalnum              0040aff5 f   LIBCMT:ismbbyte.obj
 0001:0000a00d       __ismbbkprint_l            0040b00d f   LIBCMT:ismbbyte.obj
 0001:0000a026       __ismbbkprint              0040b026 f   LIBCMT:ismbbyte.obj
 0001:0000a03e       __ismbbkpunct_l            0040b03e f   LIBCMT:ismbbyte.obj
 0001:0000a057       __ismbbkpunct              0040b057 f   LIBCMT:ismbbyte.obj
 0001:0000a06f       __ismbbalnum_l             0040b06f f   LIBCMT:ismbbyte.obj
 0001:0000a08b       __ismbbalnum               0040b08b f   LIBCMT:ismbbyte.obj
 0001:0000a0a6       __ismbbalpha_l             0040b0a6 f   LIBCMT:ismbbyte.obj
 0001:0000a0c2       __ismbbalpha               0040b0c2 f   LIBCMT:ismbbyte.obj
 0001:0000a0dd       __ismbbgraph_l             0040b0dd f   LIBCMT:ismbbyte.obj
 0001:0000a0f9       __ismbbgraph               0040b0f9 f   LIBCMT:ismbbyte.obj
 0001:0000a114       __ismbbprint_l             0040b114 f   LIBCMT:ismbbyte.obj
 0001:0000a130       __ismbbprint               0040b130 f   LIBCMT:ismbbyte.obj
 0001:0000a14b       __ismbbpunct_l             0040b14b f   LIBCMT:ismbbyte.obj
 0001:0000a164       __ismbbpunct               0040b164 f   LIBCMT:ismbbyte.obj
 0001:0000a17c       __ismbblead_l              0040b17c f   LIBCMT:ismbbyte.obj
 0001:0000a195       __ismbblead                0040b195 f   LIBCMT:ismbbyte.obj
 0001:0000a1ad       __ismbbtrail_l             0040b1ad f   LIBCMT:ismbbyte.obj
 0001:0000a1c6       __ismbbtrail               0040b1c6 f   LIBCMT:ismbbyte.obj
 0001:0000a1de       __ismbbkana_l              0040b1de f   LIBCMT:ismbbyte.obj
 0001:0000a233       __ismbbkana                0040b233 f   LIBCMT:ismbbyte.obj
 0001:0000a250       _memcpy                    0040b250 f   LIBCMT:memcpy.obj
 0001:0000a5b5       __get_sbh_threshold        0040b5b5 f   LIBCMT:sbheap.obj
 0001:0000a5d6       __set_amblksiz             0040b5d6 f   LIBCMT:sbheap.obj
 0001:0000a621       __get_amblksiz             0040b621 f   LIBCMT:sbheap.obj
 0001:0000a662       ___sbh_heap_init           0040b662 f   LIBCMT:sbheap.obj
 0001:0000a6b0       ___sbh_find_block          0040b6b0 f   LIBCMT:sbheap.obj
 0001:0000a6e0       ___sbh_free_block          0040b6e0 f   LIBCMT:sbheap.obj
 0001:0000a9f6       ___sbh_alloc_new_region    0040b9f6 f   LIBCMT:sbheap.obj
 0001:0000aaa6       ___sbh_alloc_new_group     0040baa6 f   LIBCMT:sbheap.obj
 0001:0000abae       ___sbh_resize_block        0040bbae f   LIBCMT:sbheap.obj
 0001:0000ae8f       ___sbh_heapmin             0040be8f f   LIBCMT:sbheap.obj
 0001:0000af5c       ___sbh_heap_check          0040bf5c f   LIBCMT:sbheap.obj
 0001:0000b240       __set_sbh_threshold        0040c240 f   LIBCMT:sbheap.obj
 0001:0000b2ef       ___sbh_alloc_block         0040c2ef f   LIBCMT:sbheap.obj
 0001:0000b5d4       ??0Block@HeapManager@@QAE@XZ 0040c5d4 f i LIBCMT:undname.obj
 0001:0000b5da       ?Constructor@HeapManager@@QAEXP6APAXI@ZP6AXPAX@Z@Z 0040c5da f i LIBCMT:undname.obj
 0001:0000b5f9       ?Destructor@HeapManager@@QAEXXZ 0040c5f9 f i LIBCMT:undname.obj
 0001:0000b621       ?getNumberOfDimensions@UnDecorator@@CAHXZ 0040c621 f   LIBCMT:undname.obj
 0001:0000b684       ?getTypeEncoding@UnDecorator@@CAHXZ 0040c684 f i LIBCMT:undname.obj
 0001:0000bb70       ?doUnderScore@UnDecorator@@SAHXZ 0040cb70 f i LIBCMT:undname.obj
 0001:0000bb7b       ?doMSKeywords@UnDecorator@@SAHXZ 0040cb7b f i LIBCMT:undname.obj
 0001:0000bb88       ?doPtr64@UnDecorator@@SAHXZ 0040cb88 f i LIBCMT:undname.obj
 0001:0000bb96       ?doFunctionReturns@UnDecorator@@SAHXZ 0040cb96 f i LIBCMT:undname.obj
 0001:0000bba4       ?doAllocationModel@UnDecorator@@SAHXZ 0040cba4 f i LIBCMT:undname.obj
 0001:0000bbb2       ?doAllocationLanguage@UnDecorator@@SAHXZ 0040cbb2 f i LIBCMT:undname.obj
 0001:0000bbc0       ?doThisTypes@UnDecorator@@SAHXZ 0040cbc0 f i LIBCMT:undname.obj
 0001:0000bbd2       ?doAccessSpecifiers@UnDecorator@@SAHXZ 0040cbd2 f i LIBCMT:undname.obj
 0001:0000bbe0       ?doThrowTypes@UnDecorator@@SAHXZ 0040cbe0 f i LIBCMT:undname.obj
 0001:0000bbee       ?doMemberTypes@UnDecorator@@SAHXZ 0040cbee f i LIBCMT:undname.obj
 0001:0000bbfc       ?doNameOnly@UnDecorator@@SAHXZ 0040cbfc f i LIBCMT:undname.obj
 0001:0000bc07       ?doTypeOnly@UnDecorator@@SAHXZ 0040cc07 f i LIBCMT:undname.obj
 0001:0000bc12       ?haveTemplateParameters@UnDecorator@@SAHXZ 0040cc12 f i LIBCMT:undname.obj
 0001:0000bc1d       ?doEcsu@UnDecorator@@SAHXZ 0040cc1d f i LIBCMT:undname.obj
 0001:0000bc2b       ?doNoIdentCharCheck@UnDecorator@@SAHXZ 0040cc2b f i LIBCMT:undname.obj
 0001:0000bc36       ?doEllipsis@UnDecorator@@SAHXZ 0040cc36 f i LIBCMT:undname.obj
 0001:0000bc44       ?UScore@UnDecorator@@SAPBDW4Tokens@@@Z 0040cc44 f   LIBCMT:undname.obj
 0001:0000bc62       ?getMemory@HeapManager@@QAEPAXIH@Z 0040cc62 f   LIBCMT:undname.obj
 0001:0000bcea       ??0DName@@QAE@XZ           0040ccea f i LIBCMT:undname.obj
 0001:0000bcfb       ??0DName@@QAE@ABV0@@Z      0040ccfb f i LIBCMT:undname.obj
 0001:0000bd13       ?isValid@DName@@QBEHXZ     0040cd13 f i LIBCMT:undname.obj
 0001:0000bd1d       ?isEmpty@DName@@QBEHXZ     0040cd1d f i LIBCMT:undname.obj
 0001:0000bd25       ?status@DName@@QBE?AW4DNameStatus@@XZ 0040cd25 f i LIBCMT:undname.obj
 0001:0000bd2a       ?setPtrRef@DName@@QAEAAV1@XZ 0040cd2a f i LIBCMT:undname.obj
 0001:0000bd34       ?isPtrRef@DName@@QBEHXZ    0040cd34 f i LIBCMT:undname.obj
 0001:0000bd3e       ?isUDC@DName@@QBEHXZ       0040cd3e f i LIBCMT:undname.obj
 0001:0000bd4f       ?setIsUDC@DName@@QAEXXZ    0040cd4f f i LIBCMT:undname.obj
 0001:0000bd5c       ?isUDTThunk@DName@@QBEHXZ  0040cd5c f i LIBCMT:undname.obj
 0001:0000bd6d       ?setIsArray@DName@@QAEXXZ  0040cd6d f i LIBCMT:undname.obj
 0001:0000bd75       ?isArray@DName@@QBEHXZ     0040cd75 f i LIBCMT:undname.obj
 0001:0000bd7f       ?isNoTE@DName@@QBEHXZ      0040cd7f f i LIBCMT:undname.obj
 0001:0000bd89       ?setIsNoTE@DName@@QAEXXZ   0040cd89 f i LIBCMT:undname.obj
 0001:0000bd91       ?isPinPtr@DName@@QBEHXZ    0040cd91 f i LIBCMT:undname.obj
 0001:0000bd9b       ?setIsPinPtr@DName@@QAEXXZ 0040cd9b f i LIBCMT:undname.obj
 0001:0000bda3       ?isComArray@DName@@QBEHXZ  0040cda3 f i LIBCMT:undname.obj
 0001:0000bdad       ?setIsComArray@DName@@QAEXXZ 0040cdad f i LIBCMT:undname.obj
 0001:0000bdb5       ?isVCallThunk@DName@@QBEHXZ 0040cdb5 f i LIBCMT:undname.obj
 0001:0000bdbf       ?setIsVCallThunk@DName@@QAEXXZ 0040cdbf f i LIBCMT:undname.obj
 0001:0000bdc7       ?length@DName@@QBEHXZ      0040cdc7 f i LIBCMT:undname.obj
 0001:0000bdd4       ?getLastChar@DName@@QBEDXZ 0040cdd4 f i LIBCMT:undname.obj
 0001:0000bde2       ?getString@DName@@QBEPADPAD0@Z 0040cde2 f i LIBCMT:undname.obj
 0001:0000bdfa       ??_5DName@@QAEAAV0@ABV0@@Z 0040cdfa f   LIBCMT:undname.obj
 0001:0000be19       ??4DName@@QAEAAV0@ABV0@@Z  0040ce19 f   LIBCMT:undname.obj
 0001:0000be31       ?isFull@Replicator@@QBEHXZ 0040ce31 f i LIBCMT:undname.obj
 0001:0000be3a       ??0Replicator@@QAE@XZ      0040ce3a f i LIBCMT:undname.obj
 0001:0000be40       ??0DNameNode@@IAE@XZ       0040ce40 f   LIBCMT:undname.obj
 0001:0000be49       ??0charNode@@QAE@D@Z       0040ce49 f   LIBCMT:undname.obj
 0001:0000be60       ?length@charNode@@UBEHXZ   0040ce60 f i LIBCMT:undname.obj
 0001:0000be64       ?getLastChar@charNode@@UBEDXZ 0040ce64 f i LIBCMT:undname.obj
 0001:0000be68       ?getString@charNode@@UBEPADPAD0@Z 0040ce68 f i LIBCMT:undname.obj
 0001:0000be7f       ??0pDNameNode@@QAE@PAVDName@@@Z 0040ce7f f   LIBCMT:undname.obj
 0001:0000bea9       ?length@pDNameNode@@UBEHXZ 0040cea9 f i LIBCMT:undname.obj
 0001:0000bebf       ?getLastChar@pDNameNode@@UBEDXZ 0040cebf f i LIBCMT:undname.obj
 0001:0000bed6       ?getString@pDNameNode@@UBEPADPAD0@Z 0040ced6 f i LIBCMT:undname.obj
 0001:0000beef       ??0DNameStatusNode@@AAE@W4DNameStatus@@@Z 0040ceef f   LIBCMT:undname.obj
 0001:0000bf14       ?length@DNameStatusNode@@UBEHXZ 0040cf14 f i LIBCMT:undname.obj
 0001:0000bf18       ?getLastChar@DNameStatusNode@@UBEDXZ 0040cf18 f i LIBCMT:undname.obj
 0001:0000bf24       ?make@DNameStatusNode@@SAPAV1@W4DNameStatus@@@Z 0040cf24 f i LIBCMT:undname.obj
 0001:0000bfaa       ??0pairNode@@QAE@PAVDNameNode@@0@Z 0040cfaa f   LIBCMT:undname.obj
 0001:0000bfcb       ?length@pairNode@@UBEHXZ   0040cfcb f i LIBCMT:undname.obj
 0001:0000bff6       ?getLastChar@pairNode@@UBEDXZ 0040cff6 f i LIBCMT:undname.obj
 0001:0000c012       ?getString@pairNode@@UBEPADPAD0@Z 0040d012 f i LIBCMT:undname.obj
 0001:0000c08c       ??0UnDecorator@@QAE@PADPBDHP6APADJ@ZK@Z 0040d08c f i LIBCMT:undname.obj
 0001:0000c0fb       ?getDataIndirectType@UnDecorator@@CA?AVDName@@XZ 0040d0fb f i LIBCMT:undname.obj
 0001:0000c130       ?getThisType@UnDecorator@@CA?AVDName@@XZ 0040d130 f i LIBCMT:undname.obj
 0001:0000c166       ??2@YAPAXIAAVHeapManager@@H@Z 0040d166 f i LIBCMT:undname.obj
 0001:0000c17d       ?getStringHelper@@YAPADPAD00H@Z 0040d17d f i LIBCMT:undname.obj
 0001:0000c1b4       ??0DName@@QAE@PAV0@@Z      0040d1b4 f   LIBCMT:undname.obj
 0001:0000c207       ??0DName@@QAE@W4DNameStatus@@@Z 0040d207 f   LIBCMT:undname.obj
 0001:0000c24c       ?getString@DName@@QBEPADPADH@Z 0040d24c f i LIBCMT:undname.obj
 0001:0000c2a4       ?append@DName@@AAEXPAVDNameNode@@@Z 0040d2a4 f   LIBCMT:undname.obj
 0001:0000c2e3       ??4DName@@QAEAAV0@PAV0@@Z  0040d2e3 f   LIBCMT:undname.obj
 0001:0000c330       ??4DName@@QAEAAV0@W4DNameStatus@@@Z 0040d330 f   LIBCMT:undname.obj
 0001:0000c367       ??YReplicator@@QAEAAV0@ABVDName@@@Z 0040d367 f   LIBCMT:undname.obj
 0001:0000c3b1       ??AReplicator@@QBE?AVDName@@H@Z 0040d3b1 f   LIBCMT:undname.obj
 0001:0000c3f1       ??0pcharNode@@QAE@PBDH@Z   0040d3f1 f   LIBCMT:undname.obj
 0001:0000c448       ?length@pcharNode@@UBEHXZ  0040d448 f i LIBCMT:undname.obj
 0001:0000c44c       ?getLastChar@pcharNode@@UBEDXZ 0040d44c f i LIBCMT:undname.obj
 0001:0000c45e       ?getString@pcharNode@@UBEPADPAD0@Z 0040d45e f i LIBCMT:undname.obj
 0001:0000c47b       ?getString@DNameStatusNode@@UBEPADPAD0@Z 0040d47b f i LIBCMT:undname.obj
 0001:0000c4a4       ?getReturnType@UnDecorator@@CA?AVDName@@PAV2@@Z 0040d4a4 f   LIBCMT:undname.obj
 0001:0000c4d5       ?getStorageConvention@UnDecorator@@CA?AVDName@@XZ 0040d4d5 f i LIBCMT:undname.obj
 0001:0000c4e8       ??YDName@@QAEAAV0@W4DNameStatus@@@Z 0040d4e8 f   LIBCMT:undname.obj
 0001:0000c52a       ?doPchar@DName@@AAEXPBDH@Z 0040d52a f   LIBCMT:undname.obj
 0001:0000c5a6       ??0DName@@QAE@D@Z          0040d5a6 f   LIBCMT:undname.obj
 0001:0000c5d3       ??0DName@@QAE@PBD@Z        0040d5d3 f   LIBCMT:undname.obj
 0001:0000c60c       ??0DName@@QAE@AAPBDD@Z     0040d60c f   LIBCMT:undname.obj
 0001:0000c6cb       ??0DName@@QAE@_K@Z         0040d6cb f   LIBCMT:undname.obj
 0001:0000c739       ??0DName@@QAE@_J@Z         0040d739 f   LIBCMT:undname.obj
 0001:0000c7d4       ??HDName@@QBE?AV0@W4DNameStatus@@@Z 0040d7d4 f   LIBCMT:undname.obj
 0001:0000c7f8       ??YDName@@QAEAAV0@ABV0@@Z  0040d7f8 f   LIBCMT:undname.obj
 0001:0000c83b       ??YDName@@QAEAAV0@PAV0@@Z  0040d83b f   LIBCMT:undname.obj
 0001:0000c8a2       ??4DName@@QAEAAV0@D@Z      0040d8a2 f i LIBCMT:undname.obj
 0001:0000c8cf       ??4DName@@QAEAAV0@PBD@Z    0040d8cf f   LIBCMT:undname.obj
 0001:0000c904       ?getCallingConvention@UnDecorator@@CA?AVDName@@XZ 0040d904 f   LIBCMT:undname.obj
 0001:0000c9ae       ?getVCallThunkType@UnDecorator@@CA?AVDName@@XZ 0040d9ae f i LIBCMT:undname.obj
 0001:0000c9e7       ??HDName@@QBE?AV0@ABV0@@Z  0040d9e7 f   LIBCMT:undname.obj
 0001:0000ca0b       ??HDName@@QBE?AV0@PAV0@@Z  0040da0b f   LIBCMT:undname.obj
 0001:0000ca2f       ??YDName@@QAEAAV0@D@Z      0040da2f f   LIBCMT:undname.obj
 0001:0000ca81       ??YDName@@QAEAAV0@PBD@Z    0040da81 f   LIBCMT:undname.obj
 0001:0000cae5       ?getArgumentList@UnDecorator@@CA?AVDName@@XZ 0040dae5 f   LIBCMT:undname.obj
 0001:0000cbe7       ?getVdispMapType@UnDecorator@@CA?AVDName@@ABV2@@Z 0040dbe7 f i LIBCMT:undname.obj
 0001:0000cc3b       ??H@YA?AVDName@@DABV0@@Z   0040dc3b f i LIBCMT:undname.obj
 0001:0000cc5f       ??H@YA?AVDName@@W4DNameStatus@@ABV0@@Z 0040dc5f f i LIBCMT:undname.obj
 0001:0000cc83       ??H@YA?AVDName@@PBDABV0@@Z 0040dc83 f i LIBCMT:undname.obj
 0001:0000cca7       ??HDName@@QBE?AV0@D@Z      0040dca7 f   LIBCMT:undname.obj
 0001:0000cccb       ??HDName@@QBE?AV0@PBD@Z    0040dccb f   LIBCMT:undname.obj
 0001:0000ccef       ?getDimension@UnDecorator@@CA?AVDName@@_N@Z 0040dcef f   LIBCMT:undname.obj
 0001:0000ce41       ?getEnumType@UnDecorator@@CA?AVDName@@XZ 0040de41 f i LIBCMT:undname.obj
 0001:0000cf15       ?getArgumentTypes@UnDecorator@@CA?AVDName@@XZ 0040df15 f   LIBCMT:undname.obj
 0001:0000cff1       ?getThrowTypes@UnDecorator@@CA?AVDName@@XZ 0040dff1 f   LIBCMT:undname.obj
 0001:0000d070       ?getExtendedDataIndirectType@UnDecorator@@CA?AVDName@@AADAA_NH@Z 0040e070 f   LIBCMT:undname.obj
 0001:0000d1ed       ?getArrayType@UnDecorator@@CA?AVDName@@ABV2@@Z 0040e1ed f i LIBCMT:undname.obj
 0001:0000d367       ?getLexicalFrame@UnDecorator@@CA?AVDName@@XZ 0040e367 f i LIBCMT:undname.obj
 0001:0000d39a       ?getDisplacement@UnDecorator@@CA?AVDName@@XZ 0040e39a f i LIBCMT:undname.obj
 0001:0000d3b0       ?getCallIndex@UnDecorator@@CA?AVDName@@XZ 0040e3b0 f i LIBCMT:undname.obj
 0001:0000d3c6       ?getGuardNumber@UnDecorator@@CA?AVDName@@XZ 0040e3c6 f i LIBCMT:undname.obj
 0001:0000d3dc       ?getVfTableType@UnDecorator@@CA?AVDName@@ABV2@@Z 0040e3dc f i LIBCMT:undname.obj
 0001:0000d513       ?getStringEncoding@UnDecorator@@CA?AVDName@@PADH@Z 0040e513 f   LIBCMT:undname.obj
 0001:0000d5b7       ?getSignedDimension@UnDecorator@@CA?AVDName@@XZ 0040e5b7 f   LIBCMT:undname.obj
 0001:0000d609       ?getTemplateConstant@UnDecorator@@CA?AVDName@@XZ 0040e609 f   LIBCMT:undname.obj
 0001:0000d8d6       ?getPtrRefDataType@UnDecorator@@CA?AVDName@@ABV2@H@Z 0040e8d6 f i LIBCMT:undname.obj
 0001:0000d9b4       ?getVbTableType@UnDecorator@@CA?AVDName@@ABV2@@Z 0040e9b4 f i LIBCMT:undname.obj
 0001:0000d9cb       ?getTemplateArgumentList@UnDecorator@@CA?AVDName@@XZ 0040e9cb f   LIBCMT:undname.obj
 0001:0000db8f       ?getOperatorName@UnDecorator@@CA?AVDName@@_NPA_N@Z 0040eb8f f i LIBCMT:undname.obj
 0001:0000e12c       ?getTemplateName@UnDecorator@@CA?AVDName@@_N@Z 0040f12c f   LIBCMT:undname.obj
 0001:0000e273       ?getZName@UnDecorator@@CA?AVDName@@_N0@Z 0040f273 f   LIBCMT:undname.obj
 0001:0000e469       ?getScopedName@UnDecorator@@CA?AVDName@@XZ 0040f469 f   LIBCMT:undname.obj
 0001:0000e53a       ?getECSUName@UnDecorator@@CA?AVDName@@XZ 0040f53a f i LIBCMT:undname.obj
 0001:0000e54d       ?getECSUDataType@UnDecorator@@CA?AVDName@@XZ 0040f54d f   LIBCMT:undname.obj
 0001:0000e654       ?getSymbolName@UnDecorator@@CA?AVDName@@XZ 0040f654 f i LIBCMT:undname.obj
 0001:0000e69e       ?getBasedType@UnDecorator@@CA?AVDName@@XZ 0040f69e f   LIBCMT:undname.obj
 0001:0000e736       ?composeDeclaration@UnDecorator@@CA?AVDName@@ABV2@@Z 0040f736 f i LIBCMT:undname.obj
 0001:0000f2d1       ?getDecoratedName@UnDecorator@@CA?AVDName@@XZ 004102d1 f   LIBCMT:undname.obj
 0001:0000f4e9       ?getScope@UnDecorator@@CA?AVDName@@XZ 004104e9 f   LIBCMT:undname.obj
 0001:0000f759       ?getFunctionIndirectType@UnDecorator@@CA?AVDName@@ABV2@@Z 00410759 f   LIBCMT:undname.obj
 0001:0000faad       ?getDataIndirectType@UnDecorator@@CA?AVDName@@ABV2@D0H@Z 00410aad f   LIBCMT:undname.obj
 0001:0000ff74       ??BUnDecorator@@QAEPADXZ   00410f74 f i LIBCMT:undname.obj
 0001:000100a5       ?getPtrRefType@UnDecorator@@CA?AVDName@@ABV2@0D@Z 004110a5 f   LIBCMT:undname.obj
 0001:0001019e       ?getPointerType@UnDecorator@@CA?AVDName@@ABV2@0@Z 0041119e f i LIBCMT:undname.obj
 0001:000101bb       ?getPointerTypeArray@UnDecorator@@CA?AVDName@@ABV2@0@Z 004111bb f i LIBCMT:undname.obj
 0001:000101d8       ?getReferenceType@UnDecorator@@CA?AVDName@@ABV2@0@Z 004111d8 f i LIBCMT:undname.obj
 0001:000101f5       ___unDName                 004111f5 f   LIBCMT:undname.obj
 0001:0001028f       ___unDNameEx               0041128f f   LIBCMT:undname.obj
 0001:00010329       ?getBasicDataType@UnDecorator@@CA?AVDName@@ABV2@@Z 00411329 f   LIBCMT:undname.obj
 0001:000106e0       ?getPrimaryDataType@UnDecorator@@CA?AVDName@@ABV2@@Z 004116e0 f   LIBCMT:undname.obj
 0001:00010818       ?getDataType@UnDecorator@@CA?AVDName@@PAV2@@Z 00411818 f   LIBCMT:undname.obj
 0001:000108d8       ?getExternalDataType@UnDecorator@@CA?AVDName@@ABV2@@Z 004118d8 f i LIBCMT:undname.obj
 0001:00010946       _V6_HeapAlloc              00411946 f   LIBCMT:malloc.obj
 0001:00010995       __heap_alloc               00411995 f i LIBCMT:malloc.obj
 0001:00010a0f       _malloc                    00411a0f f   LIBCMT:malloc.obj
 0001:00010ad9       __calloc_impl              00411ad9 f   LIBCMT:calloc_impl.obj
 0001:00010bf7       _realloc                   00411bf7 f   LIBCMT:realloc.obj
 0001:00010e12       __recalloc                 00411e12 f   LIBCMT:recalloc.obj
 0001:00010e8d       __fclose_nolock            00411e8d f   LIBCMT:fclose.obj
 0001:00010f04       _fclose                    00411f04 f   LIBCMT:fclose.obj
 0001:00010f80       __write_nolock             00411f80 f   LIBCMT:write.obj
 0001:000116b3       __write                    004126b3 f   LIBCMT:write.obj
 0001:0001178f       __commit                   0041278f f   LIBCMT:commit.obj
 0001:00011870       __MarkAllocaS              00412870 f i LIBCMT:a_map.obj
 0001:00011886       __freea                    00412886 f i LIBCMT:a_map.obj
 0001:00011c69       ___crtLCMapStringA         00412c69 f   LIBCMT:a_map.obj
 0001:00011e68       ___crtGetStringTypeA       00412e68 f   LIBCMT:a_str.obj
 0001:00011eaa       ___pwctype_func            00412eaa f   LIBCMT:ctype.obj
 0001:00011eb0       ___pctype_func             00412eb0 f   LIBCMT:ctype.obj
 0001:000122f4       ___free_lc_time            004132f4 f   LIBCMT:inittime.obj
 0001:00012489       ___init_time               00413489 f   LIBCMT:inittime.obj
 0001:00012535       ___free_lconv_num          00413535 f   LIBCMT:initnum.obj
 0001:0001257a       ___init_numeric            0041357a f   LIBCMT:initnum.obj
 0001:00012777       ___free_lconv_mon          00413777 f   LIBCMT:initmon.obj
 0001:00012805       ___init_monetary           00413805 f   LIBCMT:initmon.obj
 0001:00012acb       ___init_ctype              00413acb f   LIBCMT:initctyp.obj
 0001:00012e6d       ____mb_cur_max_func        00413e6d f   LIBCMT:initctyp.obj
 0001:00012e96       ____mb_cur_max_l_func      00413e96 f   LIBCMT:initctyp.obj
 0001:00012eb2       ____lc_codepage_func       00413eb2 f   LIBCMT:initctyp.obj
 0001:00012ed8       ____lc_collate_cp_func     00413ed8 f   LIBCMT:initctyp.obj
 0001:00012efe       ____lc_handle_func         00413efe f   LIBCMT:initctyp.obj
 0001:00012f24       ___init_collate            00413f24 f   LIBCMT:initcoll.obj
 0001:00012f27       __Getdays_l                00413f27 f   LIBCMT:strftime.obj
 0001:00013027       __Getdays                  00414027 f   LIBCMT:strftime.obj
 0001:00013030       __Getmonths_l              00414030 f   LIBCMT:strftime.obj
 0001:00013130       __Getmonths                00414130 f   LIBCMT:strftime.obj
 0001:00013139       __Gettnames_l              00414139 f   LIBCMT:strftime.obj
 0001:00013490       __Gettnames                00414490 f   LIBCMT:strftime.obj
 0001:00013db3       __Strftime_l               00414db3 f   LIBCMT:strftime.obj
 0001:00013f57       __strftime_l               00414f57 f   LIBCMT:strftime.obj
 0001:00013f77       _strftime                  00414f77 f   LIBCMT:strftime.obj
 0001:00013f96       __Strftime                 00414f96 f   LIBCMT:strftime.obj
 0001:00013fb6       _localeconv                00414fb6 f   LIBCMT:lconv.obj
 0001:00013fe0       _strcspn                   00414fe0 f   LIBCMT:strcspn.obj
 0001:00014621       ___get_qualified_locale    00415621 f   LIBCMT:getqloc.obj
 0001:00015d88       _memcmp                    00416d88 f   LIBCMT:memcmp.obj
 0001:00017408       _strncmp                   00418408 f   LIBCMT:strncmp.obj
 0001:000174d0       _strpbrk                   004184d0 f   LIBCMT:strpbrk.obj
 0001:00017510       __lseeki64_nolock          00418510 f   LIBCMT:lseeki64.obj
 0001:00017595       __lseeki64                 00418595 f   LIBCMT:lseeki64.obj
 0001:000176ae       __getbuf                   004186ae f   LIBCMT:_getbuf.obj
 0001:000176f7       __fptrap                   004186f7 f   LIBCMT:crt0fp.obj
 0001:00017700       __iswctype_l               00418700 f   LIBCMT:iswctype.obj
 0001:0001778a       _iswctype                  0041878a f   LIBCMT:iswctype.obj
 0001:00017800       _is_wctype                 00418800 f   LIBCMT:iswctype.obj
 0001:0001780b       ___report_gsfailure        0041880b f   LIBCMT:gs_report.obj
 0001:00017914       __global_unwind2           00418914 f   LIBCMT:exsup.obj
 0001:00017979       __local_unwind2            00418979 f   LIBCMT:exsup.obj
 0001:000179fd       __abnormal_termination     004189fd f   LIBCMT:exsup.obj
 0001:00017a20       __NLG_Notify1              00418a20 f   LIBCMT:exsup.obj
 0001:00017a29       __NLG_Notify               00418a29 f   LIBCMT:exsup.obj
 0001:00017a40       __NLG_Dispatch2            00418a40     LIBCMT:exsup.obj
 0001:00017a40       __NLG_Dispatch             00418a40     LIBCMT:exsup.obj
 0001:00017a48       __NLG_Call                 00418a48 f   LIBCMT:exsup.obj
 0001:00017a4a       __NLG_Return2              00418a4a     LIBCMT:exsup.obj
 0001:00017c7a       _strtol                    00418c7a f   LIBCMT:strtol.obj
 0001:00017ca5       __strtol_l                 00418ca5 f   LIBCMT:strtol.obj
 0001:00017cc2       _strtoul                   00418cc2 f   LIBCMT:strtol.obj
 0001:00017cee       __strtoul_l                00418cee f   LIBCMT:strtol.obj
 0001:00017d0b       _abort                     00418d0b f   LIBCMT:abort.obj
 0001:00017e22       __set_abort_behavior       00418e22 f   LIBCMT:abort.obj
 0001:00017e43       __msize                    00418e43 f   LIBCMT:msize.obj
 0001:00017ee6       __isalpha_l                00418ee6 f i LIBCMT:_ctype.obj
 0001:00017f3c       _isalpha                   00418f3c f i LIBCMT:_ctype.obj
 0001:00017f6c       __isupper_l                00418f6c f i LIBCMT:_ctype.obj
 0001:00017fbd       _isupper                   00418fbd f i LIBCMT:_ctype.obj
 0001:00017feb       __islower_l                00418feb f i LIBCMT:_ctype.obj
 0001:0001803c       _islower                   0041903c f i LIBCMT:_ctype.obj
 0001:0001806a       __isdigit_l                0041906a f i LIBCMT:_ctype.obj
 0001:000180bb       _isdigit                   004190bb f i LIBCMT:_ctype.obj
 0001:000180e9       __isxdigit_l               004190e9 f i LIBCMT:_ctype.obj
 0001:0001813f       _isxdigit                  0041913f f i LIBCMT:_ctype.obj
 0001:0001816f       __isspace_l                0041916f f i LIBCMT:_ctype.obj
 0001:000181c0       _isspace                   004191c0 f i LIBCMT:_ctype.obj
 0001:000181ee       __ispunct_l                004191ee f i LIBCMT:_ctype.obj
 0001:0001823f       _ispunct                   0041923f f i LIBCMT:_ctype.obj
 0001:0001826d       __isalnum_l                0041926d f i LIBCMT:_ctype.obj
 0001:000182c3       _isalnum                   004192c3 f i LIBCMT:_ctype.obj
 0001:000182f3       __isprint_l                004192f3 f i LIBCMT:_ctype.obj
 0001:00018349       _isprint                   00419349 f i LIBCMT:_ctype.obj
 0001:00018379       __isgraph_l                00419379 f i LIBCMT:_ctype.obj
 0001:000183cf       _isgraph                   004193cf f i LIBCMT:_ctype.obj
 0001:000183ff       __iscntrl_l                004193ff f i LIBCMT:_ctype.obj
 0001:00018450       _iscntrl                   00419450 f i LIBCMT:_ctype.obj
 0001:0001847e       ___isascii                 0041947e f i LIBCMT:_ctype.obj
 0001:00018490       ___toascii                 00419490 f i LIBCMT:_ctype.obj
 0001:0001849d       __iscsymf_l                0041949d f i LIBCMT:_ctype.obj
 0001:000184c0       ___iscsymf                 004194c0 f i LIBCMT:_ctype.obj
 0001:000184df       __iscsym_l                 004194df f i LIBCMT:_ctype.obj
 0001:00018502       ___iscsym                  00419502 f i LIBCMT:_ctype.obj
 0001:0001853c       ___crtGetLocaleInfoW       0041953c f   LIBCMT:w_loc.obj
 0001:000186af       ___crtGetLocaleInfoA       004196af f   LIBCMT:a_loc.obj
 0001:00018773       __VEC_memcpy               00419773 f   LIBCMT:p4_memcpy.obj
 0001:00018860       _memmove                   00419860 f   LIBCMT:memmove.obj
 0001:00018bc5       __purecall                 00419bc5 f   LIBCMT:purevirt.obj
 0001:00018bef       __set_purecall_handler     00419bef f   LIBCMT:purevirt.obj
 0001:00018c16       __get_purecall_handler     00419c16 f   LIBCMT:purevirt.obj
 0001:00018c30       __allmul                   00419c30 f   LIBCMT:llmul.obj
 0001:00018c64       _atol                      00419c64 f   LIBCMT:atox.obj
 0001:00018c7a       __atol_l                   00419c7a f   LIBCMT:atox.obj
 0001:00018c93       _atoi                      00419c93 f   LIBCMT:atox.obj
 0001:00018c9e       __atoi_l                   00419c9e f   LIBCMT:atox.obj
 0001:00018ca9       __atoi64                   00419ca9 f   LIBCMT:atox.obj
 0001:00018cbf       __atoi64_l                 00419cbf f   LIBCMT:atox.obj
 0001:00018cd8       __close_nolock             00419cd8 f   LIBCMT:close.obj
 0001:00018d74       __close                    00419d74 f   LIBCMT:close.obj
 0001:00018e41       __freebuf                  00419e41 f   LIBCMT:_freebuf.obj
 0001:00018e72       __putwch_nolock            00419e72 f   LIBCMT:putwch.obj
 0001:00018f37       __cputws                   00419f37 f   LIBCMT:putwch.obj
 0001:00018fd6       __putwch                   00419fd6 f   LIBCMT:putwch.obj
 0001:0001901c       __mbtowc_l                 0041a01c f   LIBCMT:mbtowc.obj
 0001:00019133       _mbtowc                    0041a133 f   LIBCMT:mbtowc.obj
 0001:00019150       __alloca_probe             0041a150     LIBCMT:chkstk.obj
 0001:00019150       __chkstk                   0041a150 f   LIBCMT:chkstk.obj
 0001:0001917b       __set_osfhnd               0041a17b f   LIBCMT:osfinfo.obj
 0001:000191fc       __free_osfhnd              0041a1fc f   LIBCMT:osfinfo.obj
 0001:00019282       __get_osfhandle            0041a282 f   LIBCMT:osfinfo.obj
 0001:000192f9       ___lock_fhandle            0041a2f9 f   LIBCMT:osfinfo.obj
 0001:00019399       __unlock_fhandle           0041a399 f   LIBCMT:osfinfo.obj
 0001:000193c0       __alloc_osfhnd             0041a3c0 f   LIBCMT:osfinfo.obj
 0001:0001955a       __open_osfhandle           0041a55a f   LIBCMT:osfinfo.obj
 0001:00019670       ___ansicp                  0041a670 f   LIBCMT:convrtcp.obj
 0001:000196b9       ___convertcp               0041a6b9 f   LIBCMT:convrtcp.obj
 0001:00019870       __alloca_probe_16          0041a870 f   LIBCMT:alloca16.obj
 0001:00019886       __alloca_probe_8           0041a886     LIBCMT:alloca16.obj
 0001:0001989c       __get_daylight             0041a89c f   LIBCMT:timeset.obj
 0001:000198d5       __get_dstbias              0041a8d5 f   LIBCMT:timeset.obj
 0001:0001990e       __get_timezone             0041a90e f   LIBCMT:timeset.obj
 0001:00019947       __get_tzname               0041a947 f   LIBCMT:timeset.obj
 0001:000199eb       ___daylight                0041a9eb f   LIBCMT:timeset.obj
 0001:000199f1       ___dstbias                 0041a9f1 f   LIBCMT:timeset.obj
 0001:000199f7       ___timezone                0041a9f7 f   LIBCMT:timeset.obj
 0001:000199fd       ___tzname                  0041a9fd f   LIBCMT:timeset.obj
 0001:00019a03       __set_daylight             0041aa03 f i LIBCMT:tzset.obj
 0001:00019a14       __set_dstbias              0041aa14 f i LIBCMT:tzset.obj
 0001:00019a25       __set_timezone             0041aa25 f i LIBCMT:tzset.obj
 0001:0001a14b       ___tzset                   0041b14b f   LIBCMT:tzset.obj
 0001:0001a19a       __tzset                    0041b19a f   LIBCMT:tzset.obj
 0001:0001a1d2       __isindst                  0041b1d2 f   LIBCMT:tzset.obj
 0001:0001a213       ___ascii_stricmp           0041b213 f   LIBCMT:stricmp.obj
 0001:0001a24c       __stricmp_l                0041b24c f   LIBCMT:stricmp.obj
 0001:0001a321       __stricmp                  0041b321 f   LIBCMT:stricmp.obj
 0001:0001a373       __strnicmp_l               0041b373 f   LIBCMT:strnicmp.obj
 0001:0001a465       __strnicmp                 0041b465 f   LIBCMT:strnicmp.obj
 0001:0001a5a0       __itoa_s                   0041b5a0 f   LIBCMT:xtoas.obj
 0001:0001a5ca       __ltoa_s                   0041b5ca f   LIBCMT:xtoas.obj
 0001:0001a5f1       __ultoa_s                  0041b5f1 f   LIBCMT:xtoas.obj
 0001:0001a703       __i64toa_s                 0041b703 f   LIBCMT:xtoas.obj
 0001:0001a738       __ui64toa_s                0041b738 f   LIBCMT:xtoas.obj
 0001:0001a77a       ___crtGetStringTypeW       0041b77a f   LIBCMT:w_str.obj
 0001:0001a7b8       __isctype_l                0041b7b8 f   LIBCMT:isctype.obj
 0001:0001a870       __isctype                  0041b870 f   LIBCMT:isctype.obj
 0001:0001ab39       __strtoi64                 0041bb39 f   LIBCMT:strtoq.obj
 0001:0001ab64       __strtoi64_l               0041bb64 f   LIBCMT:strtoq.obj
 0001:0001ab81       __strtoui64                0041bb81 f   LIBCMT:strtoq.obj
 0001:0001abad       __strtoui64_l              0041bbad f   LIBCMT:strtoq.obj
 0001:0001abca       ___initconin               0041bbca f   LIBCMT:initcon.obj
 0001:0001abe9       ___initconout              0041bbe9 f   LIBCMT:initcon.obj
 0001:0001ac08       ___termcon                 0041bc08 f   LIBCMT:initcon.obj
 0001:0001ac35       _wcslen                    0041bc35 f   LIBCMT:wcslen.obj
 0001:0001ac4f       __getenv_helper_nolock     0041bc4f f   LIBCMT:getenv.obj
 0001:0001ae0f       _getenv                    0041be0f f   LIBCMT:getenv.obj
 0001:0001ae92       _getenv_s                  0041be92 f   LIBCMT:getenv.obj
 0001:0001af6a       __dupenv_s                 0041bf6a f   LIBCMT:getenv.obj
 0001:0001b050       __tolower                  0041c050 f   LIBCMT:tolower.obj
 0001:0001b05d       __tolower_l                0041c05d f   LIBCMT:tolower.obj
 0001:0001b172       _tolower                   0041c172 f   LIBCMT:tolower.obj
 0001:0001b1a0       ___ascii_strnicmp          0041c1a0 f   LIBCMT:_strnicm.obj
 0001:0001b201       __mbsnbicoll_l             0041c201 f   LIBCMT:mbsnbico.obj
 0001:0001b2ef       __mbsnbicoll               0041c2ef f   LIBCMT:mbsnbico.obj
 0001:0001b309       ___wtomb_environ           0041c309 f   LIBCMT:wtombenv.obj
 0001:0001b3a0       _calloc                    0041c3a0 f   LIBCMT:calloc.obj
 0001:0001b3e0       _strnlen                   0041c3e0 f   LIBCMT:strlen_s.obj
 0001:0001b78b       ___crtCompareStringA       0041c78b f   LIBCMT:a_cmp.obj
 0001:0001b7cd       __strnicoll_l              0041c7cd f   LIBCMT:strnicol.obj
 0001:0001b8c7       __strnicoll                0041c8c7 f   LIBCMT:strnicol.obj
 0001:0001b99c       ___crtsetenv               0041c99c f   LIBCMT:setenv.obj
 0001:0001bbe7       __strdup                   0041cbe7 f   LIBCMT:strdup.obj
 0001:0001bc3c       __mbschr_l                 0041cc3c f   LIBCMT:mbschr.obj
 0001:0001bcf8       __mbschr                   0041ccf8 f   LIBCMT:mbschr.obj
 0001:0001bd10       _SetupComm@12              0041cd10 f   kernel32:KERNEL32.dll
 0001:0001bd16       _CreateFileA@28            0041cd16 f   kernel32:KERNEL32.dll
 0001:0001bd1c       _GetCommModemStatus@8      0041cd1c f   kernel32:KERNEL32.dll
 0001:0001bd22       _ClearCommError@12         0041cd22 f   kernel32:KERNEL32.dll
 0001:0001bd28       _GetCommState@8            0041cd28 f   kernel32:KERNEL32.dll
 0001:0001bd2e       _WaitForSingleObject@8     0041cd2e f   kernel32:KERNEL32.dll
 0001:0001bd34       _SetEvent@4                0041cd34 f   kernel32:KERNEL32.dll
 0001:0001bd3a       _SetCommBreak@4            0041cd3a f   kernel32:KERNEL32.dll
 0001:0001bd40       _ClearCommBreak@4          0041cd40 f   kernel32:KERNEL32.dll
 0001:0001bd46       _WriteFile@20              0041cd46 f   kernel32:KERNEL32.dll
 0001:0001bd4c       _SetCommState@8            0041cd4c f   kernel32:KERNEL32.dll
 0001:0001bd52       _SetCommTimeouts@8         0041cd52 f   kernel32:KERNEL32.dll
 0001:0001bd58       _SetCommConfig@12          0041cd58 f   kernel32:KERNEL32.dll
 0001:0001bd5e       _Sleep@4                   0041cd5e f   kernel32:KERNEL32.dll
 0001:0001bd64       _CreateEventA@16           0041cd64 f   kernel32:KERNEL32.dll
 0001:0001bd6a       _ReadFile@20               0041cd6a f   kernel32:KERNEL32.dll
 0001:0001bd70       _GetOverlappedResult@16    0041cd70 f   kernel32:KERNEL32.dll
 0001:0001bd76       _GetLastError@0            0041cd76 f   kernel32:KERNEL32.dll
 0001:0001bd7c       _SetCommMask@8             0041cd7c f   kernel32:KERNEL32.dll
 0001:0001bd82       _GetDefaultCommConfigA@12  0041cd82 f   kernel32:KERNEL32.dll
 0001:0001bd88       _WaitCommEvent@12          0041cd88 f   kernel32:KERNEL32.dll
 0001:0001bd8e       _CancelIo@4                0041cd8e f   kernel32:KERNEL32.dll
 0001:0001bd94       _GetCommTimeouts@8         0041cd94 f   kernel32:KERNEL32.dll
 0001:0001bd9a       _PurgeComm@8               0041cd9a f   kernel32:KERNEL32.dll
 0001:0001bda0       _CloseHandle@4             0041cda0 f   kernel32:KERNEL32.dll
 0001:0001bda6       _GetCommandLineA@0         0041cda6 f   kernel32:KERNEL32.dll
 0001:0001bdac       _EnterCriticalSection@4    0041cdac f   kernel32:KERNEL32.dll
 0001:0001bdb2       _LeaveCriticalSection@4    0041cdb2 f   kernel32:KERNEL32.dll
 0001:0001bdb8       _TerminateProcess@8        0041cdb8 f   kernel32:KERNEL32.dll
 0001:0001bdbe       _GetCurrentProcess@0       0041cdbe f   kernel32:KERNEL32.dll
 0001:0001bdc4       _UnhandledExceptionFilter@4 0041cdc4 f   kernel32:KERNEL32.dll
 0001:0001bdca       _SetUnhandledExceptionFilter@4 0041cdca f   kernel32:KERNEL32.dll
 0001:0001bdd0       _IsDebuggerPresent@0       0041cdd0 f   kernel32:KERNEL32.dll
 0001:0001bdd6       _GetModuleHandleW@4        0041cdd6 f   kernel32:KERNEL32.dll
 0001:0001bddc       _GetProcAddress@8          0041cddc f   kernel32:KERNEL32.dll
 0001:0001bde2       _ExitProcess@4             0041cde2 f   kernel32:KERNEL32.dll
 0001:0001bde8       _GetStdHandle@4            0041cde8 f   kernel32:KERNEL32.dll
 0001:0001bdee       _GetModuleFileNameA@12     0041cdee f   kernel32:KERNEL32.dll
 0001:0001bdf4       _FreeEnvironmentStringsA@4 0041cdf4 f   kernel32:KERNEL32.dll
 0001:0001bdfa       _GetEnvironmentStrings@0   0041cdfa f   kernel32:KERNEL32.dll
 0001:0001be00       _FreeEnvironmentStringsW@4 0041ce00 f   kernel32:KERNEL32.dll
 0001:0001be06       _WideCharToMultiByte@32    0041ce06 f   kernel32:KERNEL32.dll
 0001:0001be0c       _GetEnvironmentStringsW@0  0041ce0c f   kernel32:KERNEL32.dll
 0001:0001be12       _SetHandleCount@4          0041ce12 f   kernel32:KERNEL32.dll
 0001:0001be18       _GetFileType@4             0041ce18 f   kernel32:KERNEL32.dll
 0001:0001be1e       _GetStartupInfoA@4         0041ce1e f   kernel32:KERNEL32.dll
 0001:0001be24       _DeleteCriticalSection@4   0041ce24 f   kernel32:KERNEL32.dll
 0001:0001be2a       _TlsGetValue@4             0041ce2a f   kernel32:KERNEL32.dll
 0001:0001be30       _TlsAlloc@0                0041ce30 f   kernel32:KERNEL32.dll
 0001:0001be36       _TlsSetValue@8             0041ce36 f   kernel32:KERNEL32.dll
 0001:0001be3c       _TlsFree@4                 0041ce3c f   kernel32:KERNEL32.dll
 0001:0001be42       _InterlockedIncrement@4    0041ce42 f   kernel32:KERNEL32.dll
 0001:0001be48       _SetLastError@4            0041ce48 f   kernel32:KERNEL32.dll
 0001:0001be4e       _GetCurrentThreadId@0      0041ce4e f   kernel32:KERNEL32.dll
 0001:0001be54       _InterlockedDecrement@4    0041ce54 f   kernel32:KERNEL32.dll
 0001:0001be5a       _GetCurrentThread@0        0041ce5a f   kernel32:KERNEL32.dll
 0001:0001be60       _HeapCreate@12             0041ce60 f   kernel32:KERNEL32.dll
 0001:0001be66       _HeapDestroy@4             0041ce66 f   kernel32:KERNEL32.dll
 0001:0001be6c       _VirtualFree@12            0041ce6c f   kernel32:KERNEL32.dll
 0001:0001be72       _HeapFree@12               0041ce72 f   kernel32:KERNEL32.dll
 0001:0001be78       _QueryPerformanceCounter@4 0041ce78 f   kernel32:KERNEL32.dll
 0001:0001be7e       _GetTickCount@0            0041ce7e f   kernel32:KERNEL32.dll
 0001:0001be84       _GetCurrentProcessId@0     0041ce84 f   kernel32:KERNEL32.dll
 0001:0001be8a       _GetSystemTimeAsFileTime@4 0041ce8a f   kernel32:KERNEL32.dll
 0001:0001be90       _FatalAppExitA@8           0041ce90 f   kernel32:KERNEL32.dll
 0001:0001be96       _GetCPInfo@8               0041ce96 f   kernel32:KERNEL32.dll
 0001:0001be9c       _GetACP@0                  0041ce9c f   kernel32:KERNEL32.dll
 0001:0001bea2       _GetOEMCP@0                0041cea2 f   kernel32:KERNEL32.dll
 0001:0001bea8       _IsValidCodePage@4         0041cea8 f   kernel32:KERNEL32.dll
 0001:0001beae       _RtlUnwind@16              0041ceae f   kernel32:KERNEL32.dll
 0001:0001beb4       _SetConsoleCtrlHandler@8   0041ceb4 f   kernel32:KERNEL32.dll
 0001:0001beba       _FreeLibrary@4             0041ceba f   kernel32:KERNEL32.dll
 0001:0001bec0       _InterlockedExchange@8     0041cec0 f   kernel32:KERNEL32.dll
 0001:0001bec6       _LoadLibraryA@4            0041cec6 f   kernel32:KERNEL32.dll
 0001:0001becc       _InitializeCriticalSectionAndSpinCount@8 0041cecc f   kernel32:KERNEL32.dll
 0001:0001bed2       _HeapAlloc@12              0041ced2 f   kernel32:KERNEL32.dll
 0001:0001bed8       _VirtualAlloc@16           0041ced8 f   kernel32:KERNEL32.dll
 0001:0001bede       _HeapReAlloc@16            0041cede f   kernel32:KERNEL32.dll
 0001:0001bee4       _GetConsoleCP@0            0041cee4 f   kernel32:KERNEL32.dll
 0001:0001beea       _GetConsoleMode@8          0041ceea f   kernel32:KERNEL32.dll
 0001:0001bef0       _FlushFileBuffers@4        0041cef0 f   kernel32:KERNEL32.dll
 0001:0001bef6       _LCMapStringA@24           0041cef6 f   kernel32:KERNEL32.dll
 0001:0001befc       _MultiByteToWideChar@24    0041cefc f   kernel32:KERNEL32.dll
 0001:0001bf02       _LCMapStringW@24           0041cf02 f   kernel32:KERNEL32.dll
 0001:0001bf08       _GetStringTypeA@20         0041cf08 f   kernel32:KERNEL32.dll
 0001:0001bf0e       _GetStringTypeW@16         0041cf0e f   kernel32:KERNEL32.dll
 0001:0001bf14       _GetTimeFormatA@24         0041cf14 f   kernel32:KERNEL32.dll
 0001:0001bf1a       _GetDateFormatA@24         0041cf1a f   kernel32:KERNEL32.dll
 0001:0001bf20       _GetUserDefaultLCID@0      0041cf20 f   kernel32:KERNEL32.dll
 0001:0001bf26       _GetLocaleInfoA@16         0041cf26 f   kernel32:KERNEL32.dll
 0001:0001bf2c       _EnumSystemLocalesA@8      0041cf2c f   kernel32:KERNEL32.dll
 0001:0001bf32       _IsValidLocale@8           0041cf32 f   kernel32:KERNEL32.dll
 0001:0001bf38       _SetFilePointer@16         0041cf38 f   kernel32:KERNEL32.dll
 0001:0001bf3e       _HeapSize@12               0041cf3e f   kernel32:KERNEL32.dll
 0001:0001bf44       _GetLocaleInfoW@16         0041cf44 f   kernel32:KERNEL32.dll
 0001:0001bf4a       _WriteConsoleA@20          0041cf4a f   kernel32:KERNEL32.dll
 0001:0001bf50       _GetConsoleOutputCP@0      0041cf50 f   kernel32:KERNEL32.dll
 0001:0001bf56       _WriteConsoleW@20          0041cf56 f   kernel32:KERNEL32.dll
 0001:0001bf5c       _SetStdHandle@8            0041cf5c f   kernel32:KERNEL32.dll
 0001:0001bf62       _GetTimeZoneInformation@4  0041cf62 f   kernel32:KERNEL32.dll
 0001:0001bf68       _CompareStringA@24         0041cf68 f   kernel32:KERNEL32.dll
 0001:0001bf6e       _CompareStringW@24         0041cf6e f   kernel32:KERNEL32.dll
 0001:0001bf74       _SetEnvironmentVariableA@8 0041cf74 f   kernel32:KERNEL32.dll
 0001:0001bf7a       ?_JumpToContinuation@@YGXPAXPAUEHRegistrationNode@@@Z 0041cf7a f   LIBCMT:_trnsctrl_.obj
 0001:0001bfac       ?_CallMemberFunction0@@YGXPAX0@Z 0041cfac f   LIBCMT:_trnsctrl_.obj
 0001:0001bfb3       ?_CallMemberFunction1@@YGXPAX00@Z 0041cfb3 f   LIBCMT:_trnsctrl_.obj
 0001:0001bfba       ?_CallMemberFunction2@@YGXPAX00H@Z 0041cfba f   LIBCMT:_trnsctrl_.obj
 0001:0001bfc1       ?_UnwindNestedFrames@@YGXPAUEHRegistrationNode@@PAUEHExceptionRecord@@@Z 0041cfc1 f   LIBCMT:_trnsctrl_.obj
 0001:0001c015       ___CxxFrameHandler         0041d015 f   LIBCMT:_trnsctrl_.obj
 0001:0001c04b       ___CxxFrameHandler3        0041d04b f   LIBCMT:_trnsctrl_.obj
 0001:0001c081       ___CxxFrameHandler2        0041d081 f   LIBCMT:_trnsctrl_.obj
 0001:0001c0b7       ___CxxLongjmpUnwind@4      0041d0b7 f   LIBCMT:_trnsctrl_.obj
 0001:0001c109       ?_CallSETranslator@@YAHPAUEHExceptionRecord@@PAUEHRegistrationNode@@PAX2PBU_s_FuncInfo@@H1@Z 0041d109 f   LIBCMT:_trnsctrl_.obj
 0001:0001c27f       ?_GetRangeOfTrysToCheck@@YAPBU_s_TryBlockMapEntry@@PBU_s_FuncInfo@@HHPAI1@Z 0041d27f f   LIBCMT:_trnsctrl_.obj
 0001:0001c2f4       __CreateFrameInfo          0041d2f4 f   LIBCMT:_trnsctrl_.obj
 0001:0001c320       __IsExceptionObjectToBeDestroyed 0041d320 f   LIBCMT:_trnsctrl_.obj
 0001:0001c347       __FindAndUnlinkFrame       0041d347 f   LIBCMT:_trnsctrl_.obj
 0001:0001c399       ?_CallCatchBlock2@@YAPAXPAUEHRegistrationNode@@PBU_s_FuncInfo@@PAXHK@Z 0041d399 f   LIBCMT:_trnsctrl_.obj
 0001:0001c3f9       ??0bad_exception@std@@QAE@PBD@Z 0041d3f9 f i LIBCMT:frame.obj
 0001:0001c417       ??1bad_exception@std@@UAE@XZ 0041d417 f i LIBCMT:frame.obj
 0001:0001c422       ??_Gbad_exception@std@@UAEPAXI@Z 0041d422 f i LIBCMT:frame.obj
 0001:0001c422       ??_Ebad_exception@std@@UAEPAXI@Z 0041d422 f i LIBCMT:frame.obj
 0001:0001c449       ___TypeMatch               0041d449 f   LIBCMT:frame.obj
 0001:0001c4a8       ___FrameUnwindFilter       0041d4a8 f   LIBCMT:frame.obj
 0001:0001c4f1       ___FrameUnwindToState      0041d4f1 f   LIBCMT:frame.obj
 0001:0001c617       ___DestructExceptionObject 0041d617 f   LIBCMT:frame.obj
 0001:0001c66c       ___AdjustPointer           0041d66c f   LIBCMT:frame.obj
 0001:0001c695       ?__uncaught_exception@@YA_NXZ 0041d695 f   LIBCMT:frame.obj
 0001:0001c6a8       ___CxxRegisterExceptionObject 0041d6a8 f   LIBCMT:frame.obj
 0001:0001c75f       ___CxxDetectRethrow        0041d75f f   LIBCMT:frame.obj
 0001:0001c7b1       ___CxxUnregisterExceptionObject 0041d7b1 f   LIBCMT:frame.obj
 0001:0001c8f0       ___CxxQueryExceptionSize   0041d8f0 f   LIBCMT:frame.obj
 0001:0001c8f4       ___CxxCallUnwindDtor       0041d8f4 f   LIBCMT:frame.obj
 0001:0001c926       ___CxxCallUnwindDelDtor    0041d926 f   LIBCMT:frame.obj
 0001:0001c959       ___CxxCallUnwindStdDelDtor 0041d959 f   LIBCMT:frame.obj
 0001:0001c98b       ___CxxCallUnwindVecDtor    0041d98b f   LIBCMT:frame.obj
 0001:0001cabc       ?_is_exception_typeof@@YAHABVtype_info@@PAU_EXCEPTION_POINTERS@@@Z 0041dabc f   LIBCMT:frame.obj
 0001:0001ccde       ___BuildCatchObjectHelper  0041dcde f   LIBCMT:frame.obj
 0001:0001ce5d       ___BuildCatchObject        0041de5d f   LIBCMT:frame.obj
 0001:0001ceef       ___CxxExceptionFilter      0041deef f   LIBCMT:frame.obj
 0001:0001d4dd       ??0bad_exception@std@@QAE@ABV01@@Z 0041e4dd f i LIBCMT:frame.obj
 0001:0001d4fa       ___InternalCxxFrameHandler 0041e4fa f   LIBCMT:frame.obj
 0001:0001d5e0       __CallSettingFrame@12      0041e5e0 f   LIBCMT:lowhelpr.obj
 0001:0001d607       __NLG_Return               0041e607     LIBCMT:lowhelpr.obj
 0001:0001d62c       ??0exception@std@@QAE@XZ   0041e62c f   LIBCMT:stdexcpt.obj
 0001:0001d63d       ??0exception@std@@QAE@ABQBD@Z 0041e63d f   LIBCMT:stdexcpt.obj
 0001:0001d690       ??0exception@std@@QAE@ABQBDH@Z 0041e690 f   LIBCMT:stdexcpt.obj
 0001:0001d6ad       ??0exception@std@@QAE@ABV01@@Z 0041e6ad f   LIBCMT:stdexcpt.obj
 0001:0001d70a       ??4exception@std@@QAEAAV01@ABV01@@Z 0041e70a f   LIBCMT:stdexcpt.obj
 0001:0001d765       ??1exception@std@@UAE@XZ   0041e765 f   LIBCMT:stdexcpt.obj
 0001:0001d77b       ?what@exception@std@@UBEPBDXZ 0041e77b f   LIBCMT:stdexcpt.obj
 0001:0001d788       ??0bad_cast@std@@QAE@PBD@Z 0041e788 f   LIBCMT:stdexcpt.obj
 0001:0001d7a6       ??0bad_cast@std@@QAE@ABV01@@Z 0041e7a6 f   LIBCMT:stdexcpt.obj
 0001:0001d7c3       ??1bad_cast@std@@UAE@XZ    0041e7c3 f   LIBCMT:stdexcpt.obj
 0001:0001d7ce       ??0bad_typeid@std@@QAE@PBD@Z 0041e7ce f   LIBCMT:stdexcpt.obj
 0001:0001d7ec       ??0bad_typeid@std@@QAE@ABV01@@Z 0041e7ec f   LIBCMT:stdexcpt.obj
 0001:0001d809       ??1bad_typeid@std@@UAE@XZ  0041e809 f   LIBCMT:stdexcpt.obj
 0001:0001d814       ??0__non_rtti_object@std@@QAE@PBD@Z 0041e814 f   LIBCMT:stdexcpt.obj
 0001:0001d831       ??0__non_rtti_object@std@@QAE@ABV01@@Z 0041e831 f   LIBCMT:stdexcpt.obj
 0001:0001d84e       ??1__non_rtti_object@std@@UAE@XZ 0041e84e f   LIBCMT:stdexcpt.obj
 0001:0001d859       ??_Eexception@std@@UAEPAXI@Z 0041e859 f i LIBCMT:stdexcpt.obj
 0001:0001d859       ??_Gexception@std@@UAEPAXI@Z 0041e859 f i LIBCMT:stdexcpt.obj
 0001:0001d87a       ??_Ebad_cast@std@@UAEPAXI@Z 0041e87a f i LIBCMT:stdexcpt.obj
 0001:0001d87a       ??_Gbad_cast@std@@UAEPAXI@Z 0041e87a f i LIBCMT:stdexcpt.obj
 0001:0001d8a1       ??_Gbad_typeid@std@@UAEPAXI@Z 0041e8a1 f i LIBCMT:stdexcpt.obj
 0001:0001d8a1       ??_Ebad_typeid@std@@UAEPAXI@Z 0041e8a1 f i LIBCMT:stdexcpt.obj
 0001:0001d8c8       ??_E__non_rtti_object@std@@UAEPAXI@Z 0041e8c8 f i LIBCMT:stdexcpt.obj
 0001:0001d8c8       ??_G__non_rtti_object@std@@UAEPAXI@Z 0041e8c8 f i LIBCMT:stdexcpt.obj
 0001:0001d8ef       __EH_prolog3               0041e8ef f   LIBCMT:ehprolg3.obj
 0001:0001d922       __EH_prolog3_catch         0041e922 f   LIBCMT:ehprolg3.obj
 0001:0001d958       __EH_prolog3_GS            0041e958 f   LIBCMT:ehprolg3.obj
 0001:0001d98e       __EH_prolog3_catch_GS      0041e98e f   LIBCMT:ehprolg3.obj
 0001:0001d9c7       __EH_epilog3               0041e9c7 f   LIBCMT:ehprolg3.obj
 0001:0001d9db       __EH_epilog3_GS            0041e9db f   LIBCMT:ehprolg3.obj
 0001:0001d9ea       __EH_epilog3_catch_GS      0041e9ea f   LIBCMT:ehprolg3.obj
 0001:0001d9f9       __CxxThrowException@8      0041e9f9 f   LIBCMT:throw.obj
 0001:0001da45       ?_ValidateRead@@YAHPBXI@Z  0041ea45 f   LIBCMT:validate.obj
 0001:0001da57       ?_ValidateWrite@@YAHPAXI@Z 0041ea57 f   LIBCMT:validate.obj
 0001:0001da69       ?_ValidateExecute@@YAHP6GHXZ@Z 0041ea69 f   LIBCMT:validate.obj
 0001:0001da7c       _RaiseException@16         0041ea7c f   kernel32:KERNEL32.dll
 0002:00000000       __imp__InterlockedIncrement@4 0041f000     kernel32:KERNEL32.dll
 0002:00000004       __imp__SetEnvironmentVariableA@8 0041f004     kernel32:KERNEL32.dll
 0002:00000008       __imp__SetupComm@12        0041f008     kernel32:KERNEL32.dll
 0002:0000000c       __imp__CreateFileA@28      0041f00c     kernel32:KERNEL32.dll
 0002:00000010       __imp__GetCommModemStatus@8 0041f010     kernel32:KERNEL32.dll
 0002:00000014       __imp__ClearCommError@12   0041f014     kernel32:KERNEL32.dll
 0002:00000018       __imp__GetCommState@8      0041f018     kernel32:KERNEL32.dll
 0002:0000001c       __imp__WaitForSingleObject@8 0041f01c     kernel32:KERNEL32.dll
 0002:00000020       __imp__SetEvent@4          0041f020     kernel32:KERNEL32.dll
 0002:00000024       __imp__SetCommBreak@4      0041f024     kernel32:KERNEL32.dll
 0002:00000028       __imp__ClearCommBreak@4    0041f028     kernel32:KERNEL32.dll
 0002:0000002c       __imp__WriteFile@20        0041f02c     kernel32:KERNEL32.dll
 0002:00000030       __imp__SetCommState@8      0041f030     kernel32:KERNEL32.dll
 0002:00000034       __imp__SetCommTimeouts@8   0041f034     kernel32:KERNEL32.dll
 0002:00000038       __imp__SetCommConfig@12    0041f038     kernel32:KERNEL32.dll
 0002:0000003c       __imp__Sleep@4             0041f03c     kernel32:KERNEL32.dll
 0002:00000040       __imp__CreateEventA@16     0041f040     kernel32:KERNEL32.dll
 0002:00000044       __imp__ReadFile@20         0041f044     kernel32:KERNEL32.dll
 0002:00000048       __imp__GetOverlappedResult@16 0041f048     kernel32:KERNEL32.dll
 0002:0000004c       __imp__GetLastError@0      0041f04c     kernel32:KERNEL32.dll
 0002:00000050       __imp__SetCommMask@8       0041f050     kernel32:KERNEL32.dll
 0002:00000054       __imp__GetDefaultCommConfigA@12 0041f054     kernel32:KERNEL32.dll
 0002:00000058       __imp__WaitCommEvent@12    0041f058     kernel32:KERNEL32.dll
 0002:0000005c       __imp__CancelIo@4          0041f05c     kernel32:KERNEL32.dll
 0002:00000060       __imp__GetCommTimeouts@8   0041f060     kernel32:KERNEL32.dll
 0002:00000064       __imp__PurgeComm@8         0041f064     kernel32:KERNEL32.dll
 0002:00000068       __imp__CloseHandle@4       0041f068     kernel32:KERNEL32.dll
 0002:0000006c       __imp__GetCommandLineA@0   0041f06c     kernel32:KERNEL32.dll
 0002:00000070       __imp__EnterCriticalSection@4 0041f070     kernel32:KERNEL32.dll
 0002:00000074       __imp__LeaveCriticalSection@4 0041f074     kernel32:KERNEL32.dll
 0002:00000078       __imp__TerminateProcess@8  0041f078     kernel32:KERNEL32.dll
 0002:0000007c       __imp__GetCurrentProcess@0 0041f07c     kernel32:KERNEL32.dll
 0002:00000080       __imp__UnhandledExceptionFilter@4 0041f080     kernel32:KERNEL32.dll
 0002:00000084       __imp__SetUnhandledExceptionFilter@4 0041f084     kernel32:KERNEL32.dll
 0002:00000088       __imp__IsDebuggerPresent@0 0041f088     kernel32:KERNEL32.dll
 0002:0000008c       __imp__GetModuleHandleW@4  0041f08c     kernel32:KERNEL32.dll
 0002:00000090       __imp__GetProcAddress@8    0041f090     kernel32:KERNEL32.dll
 0002:00000094       __imp__ExitProcess@4       0041f094     kernel32:KERNEL32.dll
 0002:00000098       __imp__GetStdHandle@4      0041f098     kernel32:KERNEL32.dll
 0002:0000009c       __imp__GetModuleFileNameA@12 0041f09c     kernel32:KERNEL32.dll
 0002:000000a0       __imp__FreeEnvironmentStringsA@4 0041f0a0     kernel32:KERNEL32.dll
 0002:000000a4       __imp__GetEnvironmentStrings@0 0041f0a4     kernel32:KERNEL32.dll
 0002:000000a8       __imp__FreeEnvironmentStringsW@4 0041f0a8     kernel32:KERNEL32.dll
 0002:000000ac       __imp__WideCharToMultiByte@32 0041f0ac     kernel32:KERNEL32.dll
 0002:000000b0       __imp__GetEnvironmentStringsW@0 0041f0b0     kernel32:KERNEL32.dll
 0002:000000b4       __imp__SetHandleCount@4    0041f0b4     kernel32:KERNEL32.dll
 0002:000000b8       __imp__GetFileType@4       0041f0b8     kernel32:KERNEL32.dll
 0002:000000bc       __imp__GetStartupInfoA@4   0041f0bc     kernel32:KERNEL32.dll
 0002:000000c0       __imp__DeleteCriticalSection@4 0041f0c0     kernel32:KERNEL32.dll
 0002:000000c4       __imp__TlsGetValue@4       0041f0c4     kernel32:KERNEL32.dll
 0002:000000c8       __imp__TlsAlloc@0          0041f0c8     kernel32:KERNEL32.dll
 0002:000000cc       __imp__TlsSetValue@8       0041f0cc     kernel32:KERNEL32.dll
 0002:000000d0       __imp__TlsFree@4           0041f0d0     kernel32:KERNEL32.dll
 0002:000000d4       __imp__RaiseException@16   0041f0d4     kernel32:KERNEL32.dll
 0002:000000d8       __imp__SetLastError@4      0041f0d8     kernel32:KERNEL32.dll
 0002:000000dc       __imp__GetCurrentThreadId@0 0041f0dc     kernel32:KERNEL32.dll
 0002:000000e0       __imp__InterlockedDecrement@4 0041f0e0     kernel32:KERNEL32.dll
 0002:000000e4       __imp__GetCurrentThread@0  0041f0e4     kernel32:KERNEL32.dll
 0002:000000e8       __imp__HeapCreate@12       0041f0e8     kernel32:KERNEL32.dll
 0002:000000ec       __imp__HeapDestroy@4       0041f0ec     kernel32:KERNEL32.dll
 0002:000000f0       __imp__VirtualFree@12      0041f0f0     kernel32:KERNEL32.dll
 0002:000000f4       __imp__HeapFree@12         0041f0f4     kernel32:KERNEL32.dll
 0002:000000f8       __imp__QueryPerformanceCounter@4 0041f0f8     kernel32:KERNEL32.dll
 0002:000000fc       __imp__GetTickCount@0      0041f0fc     kernel32:KERNEL32.dll
 0002:00000100       __imp__GetCurrentProcessId@0 0041f100     kernel32:KERNEL32.dll
 0002:00000104       __imp__GetSystemTimeAsFileTime@4 0041f104     kernel32:KERNEL32.dll
 0002:00000108       __imp__FatalAppExitA@8     0041f108     kernel32:KERNEL32.dll
[...]
 0002:0000372c       __CT??_R0?AVexception@std@@@8??0exception@std@@QAE@ABV01@@Z12 0042272c     LIBCMT:frame.obj
 0002:00003748       __IMPORT_DESCRIPTOR_USER32 00422748     user32:USER32.dll
 0002:0000375c       __IMPORT_DESCRIPTOR_KERNEL32 0042275c     kernel32:KERNEL32.dll
 0002:00003770       __NULL_IMPORT_DESCRIPTOR   00422770     user32:USER32.dll
 0003:00000000       ___app_type                00424000     LIBCMT:crt0.obj
 0003:00000014       ??_R0?AVtype_info@@@8      00424014     LIBCMT:typinfo.obj
 0003:00000030       __iob                      00424030     LIBCMT:_file.obj
 0003:000002b0       ___nullstring              004242b0     LIBCMT:output.obj
 0003:000002b4       ___wnullstring             004242b4     LIBCMT:output.obj
 0003:00000428       ___security_cookie         00424428     LIBCMT:gs_cookie.obj
 0003:0000042c       ___security_cookie_complement 0042442c     LIBCMT:gs_cookie.obj
 0003:00000430       __aexit_rtn                00424430     LIBCMT:crt0dat.obj
 0003:000004f0       __First_FPE_Indx           004244f0     LIBCMT:winxfltr.obj
 0003:000004f4       __Num_FPE                  004244f4     LIBCMT:winxfltr.obj
 0003:000004f8       __XcptActTabSize           004244f8     LIBCMT:winxfltr.obj
 0003:000004fc       __XcptActTabCount          004244fc     LIBCMT:winxfltr.obj
 0003:00000500       ___badioinfo               00424500     LIBCMT:ioinit.obj
 0003:00000540       ___flsindex                00424540     LIBCMT:tidtable.obj
 0003:00000544       ___getvalueindex           00424544     LIBCMT:tidtable.obj
 0003:00000548       __amblksiz                 00424548     LIBCMT:heapinit.obj
 0003:00000670       ___initialmbcinfo          00424670     LIBCMT:mbctype.obj
 0003:00000890       __mbctype                  00424890     LIBCMT:mbctype.obj
 0003:00000998       __mbcasemap                00424998     LIBCMT:mbctype.obj
 0003:00000a98       ___ptmbcinfo               00424a98     LIBCMT:mbctype.obj
 0003:00000b94       ___globallocalestatus      00424b94     LIBCMT:glstatus.obj
 0003:00000b98       ___clocalestr              00424b98     LIBCMT:nlsdata2.obj
 0003:00000ba0       ___initiallocinfo          00424ba0     LIBCMT:nlsdata2.obj
 0003:00000c78       ___ptlocinfo               00424c78     LIBCMT:nlsdata2.obj
 0003:00000c7c       ___lc_clike                00424c7c     LIBCMT:nlsdata2.obj
 0003:00000c80       ___initiallocalestructinfo 00424c80     LIBCMT:nlsdata2.obj
 0003:00000c88       __cfltcvt_tab              00424c88     LIBCMT:cmiscdat.obj
 0003:00000cb0       __pctype                   00424cb0     LIBCMT:ctype.obj
 0003:00000cb4       __pwctype                  00424cb4     LIBCMT:ctype.obj
 0003:00000cb8       ___lc_time_c               00424cb8     LIBCMT:strftime.obj
 0003:00000d70       ___lc_time_curr            00424d70     LIBCMT:strftime.obj
 0003:00000d74       ___lconv_static_decimal    00424d74     LIBCMT:lconv.obj
 0003:00000d78       ___lconv_c                 00424d78     LIBCMT:lconv.obj
 0003:00000da8       ___lconv                   00424da8     LIBCMT:lconv.obj
 0003:00000dac       ___mb_cur_max              00424dac     LIBCMT:nlsdata1.obj
 0003:00000db0       ___decimal_point           00424db0     LIBCMT:nlsdata1.obj
 0003:00000db4       ___decimal_point_length    00424db4     LIBCMT:nlsdata1.obj
 0003:00000dc0       __NLG_Destination          00424dc0     LIBCMT:exsup.obj
 0003:00000dd0       ___abort_behavior          00424dd0     LIBCMT:abort.obj
 0003:00000df0       __timezone                 00424df0     LIBCMT:timeset.obj
 0003:00000df4       __daylight                 00424df4     LIBCMT:timeset.obj
 0003:00000df8       __dstbias                  00424df8     LIBCMT:timeset.obj
 0003:00000e80       __tzname                   00424e80     LIBCMT:timeset.obj
 0003:00000ea0       __coninpfh                 00424ea0     LIBCMT:initcon.obj
 0003:00000ea4       __confh                    00424ea4     LIBCMT:initcon.obj
 0003:00000ea8       __lpdays                   00424ea8     LIBCMT:days.obj
 0003:00000edc       __days                     00424edc     LIBCMT:days.obj
 0003:00000f10       ??_R0?AVCSerial@@@8        00424f10     serial:Serial.obj
 0003:00000f2c       ??_R0?AVbad_exception@std@@@8 00424f2c     LIBCMT:frame.obj
 0003:00000f4c       ??_R0?AVexception@std@@@8  00424f4c     LIBCMT:frame.obj
 0003:00000f74       ??_R0?AVbad_cast@std@@@8   00424f74     LIBCMT:stdexcpt.obj
 0003:00000f90       ??_R0?AVbad_typeid@std@@@8 00424f90     LIBCMT:stdexcpt.obj
 0003:00000fb0       ??_R0?AV__non_rtti_object@std@@@8 00424fb0     LIBCMT:stdexcpt.obj
 0003:00000fe4       __aenvptr                  00424fe4     LIBCMT:crt0.obj
 0003:00000fe8       __wenvptr                  00424fe8     LIBCMT:crt0.obj
 0003:00000fec       ___error_mode              00424fec     LIBCMT:crt0.obj
 0003:00000ff0       __cflush                   00424ff0     LIBCMT:_file.obj
 0003:00000ff4       __stdbuf                   00424ff4     LIBCMT:_sftbuf.obj
 0003:00000ffc       ___pInvalidArgHandler      00424ffc     LIBCMT:invarg.obj
 0003:00001000       __umaskval                 00425000     LIBCMT:crt0dat.obj
 0003:00001004       ___argc                    00425004     LIBCMT:crt0dat.obj
 0003:00001008       ___argv                    00425008     LIBCMT:crt0dat.obj
 0003:0000100c       ___wargv                   0042500c     LIBCMT:crt0dat.obj
 0003:00001010       __environ                  00425010     LIBCMT:crt0dat.obj
 0003:00001014       ___initenv                 00425014     LIBCMT:crt0dat.obj
 0003:00001018       __wenviron                 00425018     LIBCMT:crt0dat.obj
 0003:0000101c       ___winitenv                0042501c     LIBCMT:crt0dat.obj
 0003:00001020       __pgmptr                   00425020     LIBCMT:crt0dat.obj
 0003:00001024       __wpgmptr                  00425024     LIBCMT:crt0dat.obj
 0003:00001028       __exitflag                 00425028     LIBCMT:crt0dat.obj
 0003:0000102c       __C_Termination_Done       0042502c     LIBCMT:crt0dat.obj
 0003:00001030       __C_Exit_Done              00425030     LIBCMT:crt0dat.obj
 0003:0000145c       _gpFlsAlloc                0042545c     LIBCMT:tidtable.obj
 0003:00001460       _gpFlsGetValue             00425460     LIBCMT:tidtable.obj
 0003:00001464       _gpFlsSetValue             00425464     LIBCMT:tidtable.obj
 0003:00001468       _gpFlsFree                 00425468     LIBCMT:tidtable.obj
 0003:0000146c       __crtheap                  0042546c     LIBCMT:heapinit.obj
 0003:00001478       __maxwait                  00425478     LIBCMT:crtheap.obj
 0003:000015d4       ___mbulinfo                004255d4     LIBCMT:mbctype.obj
 0003:000015e0       ___mbcodepage              004255e0     LIBCMT:mbctype.obj
 0003:000015e4       ___ismbcodepage            004255e4     LIBCMT:mbctype.obj
 0003:000015e8       ___mblcid                  004255e8     LIBCMT:mbctype.obj
 0003:000015ec       ___locale_changed          004255ec     LIBCMT:setlocal.obj
 0003:000015f0       ___lc_handle               004255f0     LIBCMT:nlsdata2.obj
 0003:00001608       ___lc_codepage             00425608     LIBCMT:nlsdata2.obj
 0003:0000160c       ___lc_collate_cp           0042560c     LIBCMT:nlsdata2.obj
 0003:00001610       ?__pInconsistency@@3P6AXXZA 00425610     LIBCMT:hooks.obj
 0003:00001634       ___pPurecall               00425634     LIBCMT:inithelp.obj
 0003:0000163c       ?_pnhHeap@@3P6AHI@ZA       0042563c     LIBCMT:handler.obj
 0003:00001654       ___sbh_pHeaderDefer        00425654     LIBCMT:sbheap.obj
 0003:0000166c       ?pArgList@UnDecorator@@0PAVReplicator@@A 0042566c     LIBCMT:undname.obj
 0003:00001670       ?pZNameList@UnDecorator@@0PAVReplicator@@A 00425670     LIBCMT:undname.obj
 0003:00001674       ?pTemplateArgList@UnDecorator@@0PAVReplicator@@A 00425674     LIBCMT:undname.obj
 0003:00001678       ?gName@UnDecorator@@0PBDB  00425678     LIBCMT:undname.obj
 0003:0000167c       ?name@UnDecorator@@0PBDB   0042567c     LIBCMT:undname.obj
 0003:00001680       ?outputString@UnDecorator@@0PADA 00425680     LIBCMT:undname.obj
 0003:00001684       ?maxStringLength@UnDecorator@@0HA 00425684     LIBCMT:undname.obj
 0003:00001688       ?disableFlags@UnDecorator@@0KA 00425688     LIBCMT:undname.obj
 0003:0000168c       ?m_pGetParameter@UnDecorator@@0P6APADJ@ZA 0042568c     LIBCMT:undname.obj
 0003:00001690       ?fExplicitTemplateParams@UnDecorator@@0_NA 00425690     LIBCMT:undname.obj
 0003:00001691       ?fGetTemplateArgumentList@UnDecorator@@0_NA 00425691     LIBCMT:undname.obj
 0003:00001694       ?nodes@?1??make@DNameStatusNode@@SAPAV2@W4DNameStatus@@@Z@4PAV2@A 00425694     LIBCMT:undname.obj
 0003:000016c4       ??_B?1??make@DNameStatusNode@@SAPAV1@W4DNameStatus@@@Z@51 004256c4     LIBCMT:undname.obj
 0003:000016d0       ___lconv_static_null       004256d0     LIBCMT:lconv.obj
 0003:00001a00       __newmode                  00425a00     LIBCMT:_newmode.obj
 0003:00001ac4       ___sbh_initialized         00425ac4     <common>
 0003:00001ac8       ___sbh_cntHeaderList       00425ac8     <common>
 0003:00001acc       ___sbh_pHeaderList         00425acc     <common>
 0003:00001ad0       ___sbh_threshold           00425ad0     <common>
 0003:00001ad4       ___sbh_pHeaderScan         00425ad4     <common>
 0003:00001ad8       ___sbh_sizeHeaderList      00425ad8     <common>
 0003:00001adc       ___sbh_indGroupDefer       00425adc     <common>
 0003:00001ae0       __debugger_hook_dummy      00425ae0     <common>
 0003:00001ae4       ___setlc_active            00425ae4     <common>
 0003:00001ae8       ___unguarded_readlc_active 00425ae8     <common>
 0003:00001aec       ___sse2_available          00425aec     <common>
 0003:00001af0       ___active_heap             00425af0     <common>
 0003:00001af4       __nhandle                  00425af4     <common>
 0003:00001b00       ___pioinfo                 00425b00     <common>
 0003:00001c00       ___env_initialized         00425c00     <common>
 0003:00001c04       ___onexitend               00425c04     <common>
 0003:00001c08       ___onexitbegin             00425c08     <common>
 0003:00001c0c       ___mbctype_initialized     00425c0c     <common>
 0003:00001c10       __FPinit                   00425c10     <common>
 0003:00001c14       ___dyn_tls_init_callback   00425c14     <common>
 0003:00001c18       ___piob                    00425c18     <common>
 0003:00001c20       __bufin                    00425c20     <common>
 0003:00002c20       __nstream                  00426c20     <common>
 0003:00002c24       __acmdln                   00426c24     <common>

 entry point at        0001:000011aa

 Static symbols

 0001:00000fe8       _fast_error_exit           00401fe8 f   LIBCMT:crt0.obj
 0001:00001011       _check_managed_app         00402011 f   LIBCMT:crt0.obj
 0001:00001058       ___tmainCRTStartup         00402058 f   LIBCMT:crt0.obj
 0001:000016ce       _write_char                004026ce f   LIBCMT:output.obj
 0001:00001701       _write_multi_char          00402701 f   LIBCMT:output.obj
 0001:00001727       _write_string              00402727 f   LIBCMT:output.obj
 0001:00002690       _ValidateLocalCookies      00403690 f   LIBCMT:chandler4.obj
 0001:00002a85       __initterm                 00403a85 f   LIBCMT:crt0dat.obj
 0001:00002bc3       _doexit                    00403bc3 f   LIBCMT:crt0dat.obj
 0001:00002fb6       _xcptlookup                00403fb6 f   LIBCMT:winxfltr.obj
 0001:00003258       _parse_cmdline             00404258 f   LIBCMT:stdargv.obj
 0001:00004084       _fastzero_I                00405084 f   LIBCMT:p4_memset.obj
 0001:0000416a       _has_osfxsr_set            0040516a f   LIBCMT:cpu_disp.obj
 0001:00004973       _flsall                    00405973 f   LIBCMT:fflush.obj
 0001:00004d06       ?CPtoLCID@@YAHH@Z          00405d06 f   LIBCMT:mbctype.obj
 0001:00004d35       ?setSBCS@@YAXPAUthreadmbcinfostruct@@@Z 00405d35 f   LIBCMT:mbctype.obj
 0001:00004d99       ?setSBUpLow@@YAXPAUthreadmbcinfostruct@@@Z 00405d99 f   LIBCMT:mbctype.obj
 0001:00004fd0       ?getSystemCP@@YAHH@Z       00405fd0 f   LIBCMT:mbctype.obj
 0001:000056a4       __copytlocinfo_nolock      004066a4 f   LIBCMT:setlocal.obj
 0001:000056ca       __updatetlocinfoEx_nolock  004066ca f   LIBCMT:setlocal.obj
 0001:000057e8       _sync_legacy_variables_lk  004067e8 f   LIBCMT:setlocal.obj
 0001:00005b95       __setlocale_get_all        00406b95 f   LIBCMT:setlocal.obj
 0001:00005f43       __setlocale_set_cat        00406f43 f   LIBCMT:setlocal.obj
 0001:00006245       __setlocale_nolock         00407245 f   LIBCMT:setlocal.obj
 0001:00006e90       __unwind_handler4          00407e90 f   LIBCMT:exsup4.obj
 0001:000070ad       _write_char                004080ad f   LIBCMT:outputs.obj
 0001:000070e0       _write_multi_char          004080e0 f   LIBCMT:outputs.obj
 0001:00007106       _write_string              00408106 f   LIBCMT:outputs.obj
 0001:00007e4e       _write_char                00408e4e f   LIBCMT:outputp.obj
 0001:00007e81       _write_multi_char          00408e81 f   LIBCMT:outputp.obj
 0001:00007ea7       _write_string              00408ea7 f   LIBCMT:outputp.obj
 0001:0000925e       __onexit_nolock            0040a25e f   LIBCMT:onexit.obj
 0001:000093ba       _ctrlevent_capture@4       0040a3ba f   LIBCMT:winsig.obj
 0001:00009455       _siglookup                 0040a455 f   LIBCMT:winsig.obj
 0001:00009f89       ?x_ismbbtype_l@@YAHPAUlocaleinfo_struct@@IHH@Z 0040af89 f   LIBCMT:ismbbyte.obj
 0001:0000c03e       ?und_strlen@@YAIPBD@Z      0040d03e f   LIBCMT:undname.obj
 0001:0000c04c       ?und_memcpy@@YAXPADPBDI@Z  0040d04c f   LIBCMT:undname.obj
 0001:0000c062       ?und_strncmp@@YAIPBD0I@Z   0040d062 f   LIBCMT:undname.obj
 0001:000118a6       ?strncnt@@YAHPBDH@Z        004128a6 f   LIBCMT:a_map.obj
 0001:000118c4       ?__crtLCMapStringA_stat@@YAHPAUlocaleinfo_struct@@KKPBDHPADHHH@Z 004128c4 f   LIBCMT:a_map.obj
 0001:00011cae       ?__crtGetStringTypeA_stat@@YAHPAUlocaleinfo_struct@@KPBDHPAGHHH@Z 00412cae f   LIBCMT:a_str.obj
 0001:00011ed9       __get_lc_time              00412ed9 f   LIBCMT:inittime.obj
 0001:00012502       _fix_grouping              00413502 f   LIBCMT:initnum.obj
 0001:00012744       _fix_grouping              00413744 f   LIBCMT:initmon.obj
 0001:00013499       ?_store_str@@YAXPADPAPADPAI@Z 00414499 f   LIBCMT:strftime.obj
 0001:000134b9       ?_store_number@@YAXHPAPADPAI@Z 004144b9 f   LIBCMT:strftime.obj
 0001:000134ef       ?_store_num@@YAXHHPAPADPAII@Z 004144ef f   LIBCMT:strftime.obj
 0001:0001356a       ?_expandtime@@YAHPAUlocaleinfo_struct@@DPBUtm@@PAPADPAIPAU__lc_time_data@@I@Z 0041456a f   LIBCMT:strftime.obj
 0001:00013952       ?_store_winword@@YAHPAUlocaleinfo_struct@@HPBUtm@@PAPADPAIPAU__lc_time_data@@@Z 00414952 f   LIBCMT:strftime.obj
 0001:00014026       _TranslateName             00415026 f   LIBCMT:getqloc.obj
 0001:00014088       _GetLcidFromDefault        00415088 f   LIBCMT:getqloc.obj
 0001:0001409c       _ProcessCodePage           0041509c f   LIBCMT:getqloc.obj
 0001:00014140       _TestDefaultCountry        00415140 f   LIBCMT:getqloc.obj
 0001:00014164       _LcidFromHexString         00415164 f   LIBCMT:getqloc.obj
 0001:00014198       _GetPrimaryLen             00415198 f   LIBCMT:getqloc.obj
 0001:000141b3       _CountryEnumProc@4         004151b3 f   LIBCMT:getqloc.obj
 0001:0001424b       _TestDefaultLanguage       0041524b f   LIBCMT:getqloc.obj
 0001:000142bf       _LangCountryEnumProc@4     004152bf f   LIBCMT:getqloc.obj
 0001:00014491       _LanguageEnumProc@4        00415491 f   LIBCMT:getqloc.obj
 0001:00014552       _GetLcidFromCountry        00415552 f   LIBCMT:getqloc.obj
 0001:0001457e       _GetLcidFromLangCountry    0041557e f   LIBCMT:getqloc.obj
 0001:000145e5       _GetLcidFromLanguage       004155e5 f   LIBCMT:getqloc.obj
 0001:00014812       _cmpResult                 00415812 f   LIBCMT:memcmp.obj
 0001:00014824       _cmpBYTE                   00415824 f   LIBCMT:memcmp.obj
 0001:0001483c       _cmpWORD                   0041583c f   LIBCMT:memcmp.obj
 0001:0001487c       _cmpDWORD                  0041587c f   LIBCMT:memcmp.obj
 0001:000148f4       _unaligned_memcmp          004158f4 f   LIBCMT:memcmp.obj
 0001:00017934       __unwind_handler           00418934 f   LIBCMT:exsup.obj
 0001:00017a4b       ?strtoxl@@YAKPAUlocaleinfo_struct@@PBDPAPBDHH@Z 00418a4b f   LIBCMT:strtol.obj
 0001:00018523       ?__crtGetLocaleInfoW_stat@@YAHPAUlocaleinfo_struct@@KKPA_WHH@Z 00419523 f   LIBCMT:w_loc.obj
 0001:00018570       ?__crtGetLocaleInfoA_stat@@YAHPAUlocaleinfo_struct@@KKPADHH@Z 00419570 f   LIBCMT:a_loc.obj
 0001:000186ec       _fastcopy_I                004196ec f   LIBCMT:p4_memcpy.obj
 0001:00019a36       __tzset_nolock             0041aa36 f   LIBCMT:tzset.obj
 0001:00019d7c       _cvtdate                   0041ad7c f   LIBCMT:tzset.obj
 0001:00019f73       __isindst_nolock           0041af73 f   LIBCMT:tzset.obj
 0001:0001a4c3       _xtoa_s@20                 0041b4c3 f   LIBCMT:xtoas.obj
 0001:0001a60b       @x64toa_s@24               0041b60b f   LIBCMT:xtoas.obj
 0001:0001a757       ?__crtGetStringTypeW_stat@@YAHPAUlocaleinfo_struct@@KPB_WHPAGHH@Z 0041b757 f   LIBCMT:w_str.obj
 0001:0001a8a2       ?strtoxq@@YA_KPAUlocaleinfo_struct@@PBDPAPBDHH@Z 0041b8a2 f   LIBCMT:strtoq.obj
 0001:0001acd6       __getenv_s_helper          0041bcd6 f   LIBCMT:getenv.obj
 0001:0001ad6b       __dupenv_s_helper          0041bd6b f   LIBCMT:getenv.obj
 0001:0001b3fd       ?strncnt@@YAHPBDH@Z        0041c3fd f   LIBCMT:a_cmp.obj
 0001:0001b41b       ?__crtCompareStringA_stat@@YAHPAUlocaleinfo_struct@@KKPBDH1HH@Z 0041c41b f   LIBCMT:a_cmp.obj
 0001:0001b8f0       _findenv                   0041c8f0 f   LIBCMT:setenv.obj
 0001:0001b942       _copy_environ              0041c942 f   LIBCMT:setenv.obj
 0001:0001c0d6       ?CatchGuardHandler@@YA?AW4_EXCEPTION_DISPOSITION@@PAUEHExceptionRecord@@PAUCatchGuardRN@@PAX2@Z 0041d0d6 f   LIBCMT:_trnsctrl_.obj
 0001:0001c1e0       ?TranslatorGuardHandler@@YA?AW4_EXCEPTION_DISPOSITION@@PAUEHExceptionRecord@@PAUTranslatorGuardRN@@PAX2@Z 0041d1e0 f   LIBCMT:_trnsctrl_.obj
 0001:0001c5d2       ?ExFilterRethrow@@YAHPAU_EXCEPTION_POINTERS@@@Z 0041d5d2 f   LIBCMT:frame.obj
 0001:0001c9c6       ?IsInExceptionSpec@@YAEPAUEHExceptionRecord@@PBU_s_ESTypeList@@@Z 0041d9c6 f   LIBCMT:frame.obj
 0001:0001ca41       ?CallUnexpected@@YAXPBU_s_ESTypeList@@@Z 0041da41 f   LIBCMT:frame.obj
 0001:0001ca72       __catch$?CallUnexpected@@YAXPBU_s_ESTypeList@@@Z$0 0041da72 f   LIBCMT:frame.obj
 0001:0001ca8a       ?Is_bad_exception_allowed@@YAEPBU_s_ESTypeList@@@Z 0041da8a f   LIBCMT:frame.obj
 0001:0001cb42       ?CallCatchBlock@@YAPAXPAUEHExceptionRecord@@PAUEHRegistrationNode@@PAU_CONTEXT@@PBU_s_FuncInfo@@PAXHK@Z 0041db42 f   LIBCMT:frame.obj
 0001:0001d034       ?CatchIt@@YAXPAUEHExceptionRecord@@PAUEHRegistrationNode@@PAU_CONTEXT@@PAXPBU_s_FuncInfo@@PBU_s_HandlerType@@PBU_s_CatchableType@@PBU_s_TryBlockMapEntry@@H1E@Z 0041e034 f   LIBCMT:frame.obj
 0001:0001d0a2       ?FindHandlerForForeignException@@YAXPAUEHExceptionRecord@@PAUEHRegistrationNode@@PAU_CONTEXT@@PAXPBU_s_FuncInfo@@HH1@Z 0041e0a2 f   LIBCMT:frame.obj
 0001:0001d196       ?FindHandler@@YAXPAUEHExceptionRecord@@PAUEHRegistrationNode@@PAU_CONTEXT@@PAXPBU_s_FuncInfo@@EH1@Z 0041e196 f   LIBCMT:frame.obj
 0001:0001da82       __unwindfunclet$_main$0    0041ea82 f    CIL library: CIL module
 0001:0001da8d       __ehhandler$_main          0041ea8d f    CIL library: CIL module
 0001:0001da97       __ehhandler$?CallUnexpected@@YAXPBU_s_ESTypeList@@@Z 0041ea97 f   LIBCMT:frame.obj
